
Optional file libmchp_peripheral.a not found

Optional file libmchp_peripheral_32MX370F512L.a not found
Archive member included because of file (symbol)

c:/program files/microchip/xc32/v2.50/bin/bin/../../lib/gcc/pic32mx/4.8.3\libgcc.a(_udivdi3.o)
                              build/default/debug/_ext/1417409628/sys_tmr.o (__udivdi3)
c:/program files/microchip/xc32/v2.50/bin/bin/../../lib/gcc/pic32mx/4.8.3\libgcc.a(floatunsisf.o)
                              build/default/debug/_ext/1360937237/accel.o (__floatunsisf)
c:/program files/microchip/xc32/v2.50/bin/bin/../../lib/gcc/pic32mx/4.8.3/../../../../pic32mx/lib\libpic32.a(memcpy.o)
                              build/default/debug/_ext/26143033/ipv4.o (memcpy)
c:/program files/microchip/xc32/v2.50/bin/bin/../../lib/gcc/pic32mx/4.8.3/../../../../pic32mx/lib\libpic32.a(memset.o)
                              build/default/debug/_ext/1360937237/accel.o (memset)
c:/program files/microchip/xc32/v2.50/bin/bin/../../lib/gcc/pic32mx/4.8.3/../../../../pic32mx/lib\libpic32.a(strcmp.o)
                              build/default/debug/_ext/2001008086/sys_command.o (strcmp)
c:/program files/microchip/xc32/v2.50/bin/bin/../../lib/gcc/pic32mx/4.8.3/../../../../pic32mx/lib\libpic32.a(strcpy.o)
                              build/default/debug/_ext/2001008086/sys_command.o (strcpy)
c:/program files/microchip/xc32/v2.50/bin/bin/../../lib/gcc/pic32mx/4.8.3/../../../../pic32mx/lib\libpic32.a(strlen.o)
                              build/default/debug/_ext/1360937237/lcd.o (strlen)
c:/program files/microchip/xc32/v2.50/bin/bin/../../lib/gcc/pic32mx/4.8.3/../../../../pic32mx/lib\libpic32.a(default-bootstrap-exception-handler.o)
                              C:\Users\el_mo\AppData\Local\Temp\ccuYGWCL.o (_bootstrap_exception_handler)
c:/program files/microchip/xc32/v2.50/bin/bin/../../lib/gcc/pic32mx/4.8.3/../../../../pic32mx/lib\libpic32.a(default-on-reset.o)
                              C:\Users\el_mo\AppData\Local\Temp\ccuYGWCL.o (_on_reset)
c:/program files/microchip/xc32/v2.50/bin/bin/../../lib/gcc/pic32mx/4.8.3/../../../../pic32mx/lib\libpic32.a(default-on-bootstrap.o)
                              C:\Users\el_mo\AppData\Local\Temp\ccuYGWCL.o (_on_bootstrap)
c:/program files/microchip/xc32/v2.50/bin/bin/../../lib/gcc/pic32mx/4.8.3/../../../../pic32mx/lib\libpic32.a(default-nmi-handler.o)
                              C:\Users\el_mo\AppData\Local\Temp\ccuYGWCL.o (_nmi_handler)
c:/program files/microchip/xc32/v2.50/bin/bin/../../lib/gcc/pic32mx/4.8.3/../../../../pic32mx/lib\libpic32.a(pic32_data_init.o)
                              C:\Users\el_mo\AppData\Local\Temp\ccuYGWCL.o (__pic32_data_init)
c:/program files/microchip/xc32/v2.50/bin/bin/../../lib/gcc/pic32mx/4.8.3/../../../../pic32mx/lib\libpic32.a(general-exception.o)
                              C:\Users\el_mo\AppData\Local\Temp\ccuYGWCL.o (_general_exception_context)
c:/program files/microchip/xc32/v2.50/bin/bin/../../lib/gcc/pic32mx/4.8.3/../../../../pic32mx/lib\libpic32.a(vector0.o)
                              C:\Users\el_mo\AppData\Local\Temp\ccPquZWX.o (__vector_dispatch_0)
c:/program files/microchip/xc32/v2.50/bin/bin/../../lib/gcc/pic32mx/4.8.3/../../../../pic32mx/lib\libpic32.a(vector1.o)
                              C:\Users\el_mo\AppData\Local\Temp\ccPquZWX.o (__vector_dispatch_1)
c:/program files/microchip/xc32/v2.50/bin/bin/../../lib/gcc/pic32mx/4.8.3/../../../../pic32mx/lib\libpic32.a(vector2.o)
                              C:\Users\el_mo\AppData\Local\Temp\ccPquZWX.o (__vector_dispatch_2)
c:/program files/microchip/xc32/v2.50/bin/bin/../../lib/gcc/pic32mx/4.8.3/../../../../pic32mx/lib\libpic32.a(vector3.o)
                              C:\Users\el_mo\AppData\Local\Temp\ccPquZWX.o (__vector_dispatch_3)
c:/program files/microchip/xc32/v2.50/bin/bin/../../lib/gcc/pic32mx/4.8.3/../../../../pic32mx/lib\libpic32.a(vector5.o)
                              C:\Users\el_mo\AppData\Local\Temp\ccPquZWX.o (__vector_dispatch_5)
c:/program files/microchip/xc32/v2.50/bin/bin/../../lib/gcc/pic32mx/4.8.3/../../../../pic32mx/lib\libpic32.a(vector6.o)
                              C:\Users\el_mo\AppData\Local\Temp\ccPquZWX.o (__vector_dispatch_6)
c:/program files/microchip/xc32/v2.50/bin/bin/../../lib/gcc/pic32mx/4.8.3/../../../../pic32mx/lib\libpic32.a(vector7.o)
                              C:\Users\el_mo\AppData\Local\Temp\ccPquZWX.o (__vector_dispatch_7)
c:/program files/microchip/xc32/v2.50/bin/bin/../../lib/gcc/pic32mx/4.8.3/../../../../pic32mx/lib\libpic32.a(vector9.o)
                              C:\Users\el_mo\AppData\Local\Temp\ccPquZWX.o (__vector_dispatch_9)
c:/program files/microchip/xc32/v2.50/bin/bin/../../lib/gcc/pic32mx/4.8.3/../../../../pic32mx/lib\libpic32.a(vector10.o)
                              C:\Users\el_mo\AppData\Local\Temp\ccPquZWX.o (__vector_dispatch_10)
c:/program files/microchip/xc32/v2.50/bin/bin/../../lib/gcc/pic32mx/4.8.3/../../../../pic32mx/lib\libpic32.a(vector11.o)
[...]
Memory Configuration

Name             Origin             Length             Attributes
kseg0_data_mem   0x80000000         0x00000200
kseg1_data_mem   0xa0000000         0x00020000         w !x
kseg0_boot_mem   0x9fc00490         0x00000970
kseg1_boot_mem   0xbfc00000         0x00000490
kseg0_program_mem 0x9d000000         0x00080000         xr
exception_mem    0x9fc01000         0x00001000
debug_exec_mem   0xbfc02000         0x00000ff0
config3          0xbfc02ff0         0x00000004
config2          0xbfc02ff4         0x00000004
config1          0xbfc02ff8         0x00000004
config0          0xbfc02ffc         0x00000004
sfrs             0xbf800000         0x00100000
configsfrs       0xbfc02ff0         0x00000010
*default*        0x00000000         0xffffffff

Linker script and memory map


reserve_data_0_kseg0
                0x80000000      0x200
                0x80000000        0x2 SHORT 0x0
                0x000001fd                . = 0x1fd
 *fill*         0x80000002      0x1fb 
                0x80000200                . = ALIGN (0x4)
 *fill*         0x800001fd        0x3 

reserve_data_0_kseg1
                0xa0000000      0x200
                0xa0000000        0x2 SHORT 0x0
                0x000001fd                . = 0x1fd
 *fill*         0xa0000002      0x1fb 
                0xa0000200                . = ALIGN (0x4)
 *fill*         0xa00001fd        0x3 

reserve_boot_0x1fc02000_kseg0
                0x9fc02000      0xff0
                0x9fc02000        0x2 SHORT 0x0
                0x00000760                . = 0x760
 *fill*         0x9fc02002      0x75e 
                0x9fc02760                . = ALIGN (0x4)
                0x9fc02760        0x2 SHORT 0x0
                0x00000ff0                . = 0xff0
 *fill*         0x9fc02762      0x88e 
                0x9fc02ff0                . = ALIGN (0x4)

reserve_boot_0x1fc02000_kseg1
                0xbfc02000      0xff0
                0xbfc02000        0x2 SHORT 0x0
                0x00000760                . = 0x760
 *fill*         0xbfc02002      0x75e 
                0xbfc02760                . = ALIGN (0x4)
                0xbfc02760        0x2 SHORT 0x0
                0x00000ff0                . = 0xff0
 *fill*         0xbfc02762      0x88e 
                0xbfc02ff0                . = ALIGN (0x4)
LOAD c:/program files/microchip/xc32/v2.50/bin/bin/../../lib/gcc/pic32mx/4.8.3/../../../../pic32mx/lib\software-debug-break.o
LOAD build/default/debug/_ext/1360937237/led.o
LOAD build/default/debug/_ext/1360937237/ssd.o
LOAD build/default/debug/_ext/1360937237/accel.o
LOAD build/default/debug/_ext/1360937237/i2c.o
LOAD build/default/debug/_ext/1360937237/lcd.o
LOAD build/default/debug/rgbled.o
LOAD build/default/debug/_ext/1360937237/IO.o
LOAD build/default/debug/_ext/996065237/drv_encx24j600_spi_bus.o
LOAD build/default/debug/_ext/1600828880/drv_encx24j600_closed_state.o
LOAD build/default/debug/_ext/472602724/drv_encx24j600_initialization_state.o
LOAD build/default/debug/_ext/472602724/drv_encx24j600_configure_state.o
LOAD build/default/debug/_ext/472602724/drv_encx24j600_detect_state.o
LOAD build/default/debug/_ext/472602724/drv_encx24j600_reset_state.o
LOAD build/default/debug/_ext/1728422854/drv_encx24j600_tx_packet.o
LOAD build/default/debug/_ext/1728422854/drv_encx24j600_rx_packet.o
LOAD build/default/debug/_ext/999618079/drv_encx24j600_running_state.o
LOAD build/default/debug/_ext/999618079/drv_encx24j600_change_duplex_state.o
LOAD build/default/debug/_ext/999618079/drv_encx24j600_check_int_state.o
LOAD build/default/debug/_ext/999618079/drv_encx24j600_check_status_state.o
LOAD build/default/debug/_ext/999618079/drv_encx24j600_check_tx_status_state.o
LOAD build/default/debug/_ext/999618079/drv_encx24j600_reset_rx_state.o
LOAD build/default/debug/_ext/820865379/drv_encx24j600_api.o
LOAD build/default/debug/_ext/820865379/drv_encx24j600_main_state.o
LOAD build/default/debug/_ext/820865379/drv_encx24j600_utils.o
LOAD build/default/debug/_ext/977502197/drv_spi_tasks.o
LOAD build/default/debug/_ext/977502197/drv_spi_api.o
LOAD build/default/debug/_ext/977502197/drv_spi_master_ebm_tasks.o
LOAD build/default/debug/_ext/915312864/drv_spi.o
LOAD build/default/debug/_ext/2077795248/drv_spi_sys_queue_fifo.o
LOAD build/default/debug/_ext/1298913485/drv_tmr.o
LOAD build/default/debug/_ext/327000265/drv_usart_mapping.o
LOAD build/default/debug/_ext/327000265/drv_usart_static.o
LOAD build/default/debug/_ext/327000265/drv_usart_static_buffer_queue.o
LOAD build/default/debug/_ext/327000265/drv_usart_static_read_write.o
LOAD build/default/debug/_ext/639803181/sys_clk_pic32mx.o
LOAD build/default/debug/_ext/2001008086/sys_command.o
LOAD build/default/debug/_ext/1544295906/sys_console.o
LOAD build/default/debug/_ext/1544295906/sys_console_uart.o
LOAD build/default/debug/_ext/340578644/sys_devcon.o
LOAD build/default/debug/_ext/340578644/sys_devcon_pic32mx.o
LOAD build/default/debug/_ext/1735427962/sys_int_pic32.o
LOAD build/default/debug/_ext/822048611/sys_ports_static.o
LOAD build/default/debug/_ext/327917790/sys_random.o
LOAD build/default/debug/_ext/68765530/sys_reset.o
LOAD build/default/debug/_ext/1417409628/sys_tmr.o
LOAD build/default/debug/_ext/1881663949/helpers.o
LOAD build/default/debug/_ext/26143033/ipv4.o
LOAD build/default/debug/_ext/26143033/udp.o
LOAD build/default/debug/_ext/26143033/tcpip_heap_alloc.o
LOAD build/default/debug/_ext/26143033/tcpip_heap_internal.o
LOAD build/default/debug/_ext/26143033/arp.o
LOAD build/default/debug/_ext/26143033/dns.o
LOAD build/default/debug/_ext/26143033/hash_fnv.o
LOAD build/default/debug/_ext/26143033/oahash.o
LOAD build/default/debug/_ext/26143033/tcpip_helpers.o
LOAD build/default/debug/_ext/26143033/tcpip_helper_c32.o
LOAD build/default/debug/_ext/26143033/tcpip_manager.o
LOAD build/default/debug/_ext/26143033/tcpip_notify.o
LOAD build/default/debug/_ext/26143033/tcpip_packet.o
LOAD build/default/debug/_ext/1688732426/system_init.o
LOAD build/default/debug/_ext/1688732426/system_interrupt.o
LOAD build/default/debug/_ext/1688732426/system_tasks.o
LOAD build/default/debug/_ext/1360937237/app_commands.o
LOAD build/default/debug/_ext/1360937237/UDP_app.o
LOAD build/default/debug/_ext/1360937237/main.o
                0x00000001                __MPLAB_BUILD = 0x1
                0x00000001                __MPLAB_DEBUG = 0x1
                0x00000001                __DEBUG = 0x1
                0x00000001                __MPLAB_DEBUGGER_PK3 = 0x1
                0x0000afa0                _min_heap_size = 0xafa0
LOAD C:\Users\el_mo\AppData\Local\Temp\ccuYGWCL.o
LOAD C:\Users\el_mo\AppData\Local\Temp\ccKavGuR.o
LOAD C:\Users\el_mo\AppData\Local\Temp\ccPquZWX.o
LOAD c:/program files/microchip/xc32/v2.50/bin/bin/../../lib/gcc/pic32mx/4.8.3/../../../../pic32mx/lib/./proc/32MX370F512L\default_isr_vectors.o
LOAD c:/program files/microchip/xc32/v2.50/bin/bin/../../lib/gcc/pic32mx/4.8.3/../../../../pic32mx/lib\pic32_software_reset.o
                0x00000400                PROVIDE (_min_stack_size, 0x400)
START GROUP
LOAD c:/program files/microchip/xc32/v2.50/bin/bin/../../lib/gcc/pic32mx/4.8.3/../../../../pic32mx/lib/./proc/32MX370F512L\processor.o
END GROUP
START GROUP
LOAD libmchp_peripheral.a
END GROUP
START GROUP
LOAD libmchp_peripheral_32MX370F512L.a
END GROUP
                0x00000001                PROVIDE (_vector_spacing, 0x1)
                0x9fc01000                PROVIDE (_ebase_address, 0x9fc01000)
                0xbfc00000                _RESET_ADDR = 0xbfc00000
                0xbfc00380                _BEV_EXCPT_ADDR = 0xbfc00380
                0xbfc00480                _DBG_EXCPT_ADDR = 0xbfc00480
                0xbfc02000                _DBG_CODE_ADDR = 0xbfc02000
                0x00000ff0                _DBG_CODE_SIZE = 0xff0
                0x9fc01180                _GEN_EXCPT_ADDR = (_ebase_address + 0x180)

.config_BFC02FF0
                0xbfc02ff0        0x4
 *(.config_BFC02FF0)
 .config_BFC02FF0
                0xbfc02ff0        0x4 build/default/debug/_ext/1688732426/system_init.o

.config_BFC02FF4
                0xbfc02ff4        0x4
 *(.config_BFC02FF4)
 .config_BFC02FF4
                0xbfc02ff4        0x4 build/default/debug/_ext/1688732426/system_init.o

.config_BFC02FF8
                0xbfc02ff8        0x4
 *(.config_BFC02FF8)
 .config_BFC02FF8
                0xbfc02ff8        0x4 build/default/debug/_ext/1688732426/system_init.o

.config_BFC02FFC
                0xbfc02ffc        0x4
 *(.config_BFC02FFC)
 .config_BFC02FFC
                0xbfc02ffc        0x4 build/default/debug/_ext/1688732426/system_init.o
                0xbfc02000                PROVIDE (_DBG_CODE_ADDR, 0xbfc02000)
                0x00000ff0                PROVIDE (_DBG_CODE_SIZE, 0xff0)

.reset          0xbfc00000      0x19c
 *(.reset)
 .reset         0xbfc00000        0x8 C:\Users\el_mo\AppData\Local\Temp\ccuYGWCL.o
                0xbfc00000                _reset
 *(.reset.startup)
 .reset.startup
                0xbfc00008      0x194 C:\Users\el_mo\AppData\Local\Temp\ccuYGWCL.o
                0xbfc00008                _startup

.bev_excpt      0xbfc00380       0x10
 *(.bev_handler)
 .bev_handler   0xbfc00380       0x10 C:\Users\el_mo\AppData\Local\Temp\ccuYGWCL.o

.dbg_excpt      0xbfc00480        0x0
                0xbfc00480                . = (. + DEFINED (_DEBUGGER)?0x8:0x0)

.dbg_code       0xbfc02000        0x0
                0xbfc02000                . = (. + DEFINED (_DEBUGGER)?_DBG_CODE_SIZE:0x0)

.app_excpt      0x9fc01180       0x10
 *(.gen_handler)
 .gen_handler   0x9fc01180       0x10 C:\Users\el_mo\AppData\Local\Temp\ccuYGWCL.o

.vector_0       0x9fc01200        0x8
 *(.vector_0)
 .vector_0      0x9fc01200        0x8 c:/program files/microchip/xc32/v2.50/bin/bin/../../lib/gcc/pic32mx/4.8.3/../../../../pic32mx/lib\libpic32.a(vector0.o)
                0x9fc01200                __vector_dispatch_0
                0x00000001                ASSERT (((_vector_spacing == 0x0) || (SIZEOF (.vector_0) <= (_vector_spacing << 0x5))), function at exception vector 0 too large)

.vector_1       0x9fc01220        0x8
 *(.vector_1)
 .vector_1      0x9fc01220        0x8 c:/program files/microchip/xc32/v2.50/bin/bin/../../lib/gcc/pic32mx/4.8.3/../../../../pic32mx/lib\libpic32.a(vector1.o)
                0x9fc01220                __vector_dispatch_1
                0x00000001                ASSERT (((_vector_spacing == 0x0) || (SIZEOF (.vector_1) <= (_vector_spacing << 0x5))), function at exception vector 1 too large)

.vector_2       0x9fc01240        0x8
 *(.vector_2)
 .vector_2      0x9fc01240        0x8 c:/program files/microchip/xc32/v2.50/bin/bin/../../lib/gcc/pic32mx/4.8.3/../../../../pic32mx/lib\libpic32.a(vector2.o)
                0x9fc01240                __vector_dispatch_2
                0x00000001                ASSERT (((_vector_spacing == 0x0) || (SIZEOF (.vector_2) <= (_vector_spacing << 0x5))), function at exception vector 2 too large)

.vector_3       0x9fc01260        0x8
 *(.vector_3)
 .vector_3      0x9fc01260        0x8 c:/program files/microchip/xc32/v2.50/bin/bin/../../lib/gcc/pic32mx/4.8.3/../../../../pic32mx/lib\libpic32.a(vector3.o)
                0x9fc01260                __vector_dispatch_3
                0x00000001                ASSERT (((_vector_spacing == 0x0) || (SIZEOF (.vector_3) <= (_vector_spacing << 0x5))), function at exception vector 3 too large)

.vector_4       0x9fc01280        0x8
 *(.vector_4)
 .vector_4      0x9fc01280        0x8 build/default/debug/_ext/1688732426/system_interrupt.o
                0x9fc01280                __vector_dispatch_4
                0x00000001                ASSERT (((_vector_spacing == 0x0) || (SIZEOF (.vector_4) <= (_vector_spacing << 0x5))), function at exception vector 4 too large)

.vector_5       0x9fc012a0        0x8
 *(.vector_5)
 .vector_5      0x9fc012a0        0x8 c:/program files/microchip/xc32/v2.50/bin/bin/../../lib/gcc/pic32mx/4.8.3/../../../../pic32mx/lib\libpic32.a(vector5.o)
                0x9fc012a0                __vector_dispatch_5
                0x00000001                ASSERT (((_vector_spacing == 0x0) || (SIZEOF (.vector_5) <= (_vector_spacing << 0x5))), function at exception vector 5 too large)

.vector_6       0x9fc012c0        0x8
 *(.vector_6)
 .vector_6      0x9fc012c0        0x8 c:/program files/microchip/xc32/v2.50/bin/bin/../../lib/gcc/pic32mx/4.8.3/../../../../pic32mx/lib\libpic32.a(vector6.o)
                0x9fc012c0                __vector_dispatch_6
                0x00000001                ASSERT (((_vector_spacing == 0x0) || (SIZEOF (.vector_6) <= (_vector_spacing << 0x5))), function at exception vector 6 too large)

.vector_7       0x9fc012e0        0x8
 *(.vector_7)
 .vector_7      0x9fc012e0        0x8 c:/program files/microchip/xc32/v2.50/bin/bin/../../lib/gcc/pic32mx/4.8.3/../../../../pic32mx/lib\libpic32.a(vector7.o)
                0x9fc012e0                __vector_dispatch_7
                0x00000001                ASSERT (((_vector_spacing == 0x0) || (SIZEOF (.vector_7) <= (_vector_spacing << 0x5))), function at exception vector 7 too large)

.vector_8       0x9fc01300        0x8
 *(.vector_8)
 .vector_8      0x9fc01300        0x8 build/default/debug/_ext/1688732426/system_interrupt.o
                0x9fc01300                __vector_dispatch_8
                0x00000001                ASSERT (((_vector_spacing == 0x0) || (SIZEOF (.vector_8) <= (_vector_spacing << 0x5))), function at exception vector 8 too large)

.vector_9       0x9fc01320        0x8
 *(.vector_9)
 .vector_9      0x9fc01320        0x8 c:/program files/microchip/xc32/v2.50/bin/bin/../../lib/gcc/pic32mx/4.8.3/../../../../pic32mx/lib\libpic32.a(vector9.o)
                0x9fc01320                __vector_dispatch_9
                0x00000001                ASSERT (((_vector_spacing == 0x0) || (SIZEOF (.vector_9) <= (_vector_spacing << 0x5))), function at exception vector 9 too large)

.vector_10      0x9fc01340        0x8
 *(.vector_10)
 .vector_10     0x9fc01340        0x8 c:/program files/microchip/xc32/v2.50/bin/bin/../../lib/gcc/pic32mx/4.8.3/../../../../pic32mx/lib\libpic32.a(vector10.o)
                0x9fc01340                __vector_dispatch_10
                0x00000001                ASSERT (((_vector_spacing == 0x0) || (SIZEOF (.vector_10) <= (_vector_spacing << 0x5))), function at exception vector 10 too large)

.vector_11      0x9fc01360        0x8
 *(.vector_11)
 .vector_11     0x9fc01360        0x8 c:/program files/microchip/xc32/v2.50/bin/bin/../../lib/gcc/pic32mx/4.8.3/../../../../pic32mx/lib\libpic32.a(vector11.o)
                0x9fc01360                __vector_dispatch_11
                0x00000001                ASSERT (((_vector_spacing == 0x0) || (SIZEOF (.vector_11) <= (_vector_spacing << 0x5))), function at exception vector 11 too large)

.vector_12      0x9fc01380        0x8
 *(.vector_12)
 .vector_12     0x9fc01380        0x8 build/default/debug/_ext/1360937237/main.o
                0x9fc01380                __vector_dispatch_12
                0x00000001                ASSERT (((_vector_spacing == 0x0) || (SIZEOF (.vector_12) <= (_vector_spacing << 0x5))), function at exception vector 12 too large)

.vector_13      0x9fc013a0        0x8
 *(.vector_13)
 .vector_13     0x9fc013a0        0x8 c:/program files/microchip/xc32/v2.50/bin/bin/../../lib/gcc/pic32mx/4.8.3/../../../../pic32mx/lib\libpic32.a(vector13.o)
                0x9fc013a0                __vector_dispatch_13
                0x00000001                ASSERT (((_vector_spacing == 0x0) || (SIZEOF (.vector_13) <= (_vector_spacing << 0x5))), function at exception vector 13 too large)

.vector_14      0x9fc013c0        0x8
 *(.vector_14)
 .vector_14     0x9fc013c0        0x8 c:/program files/microchip/xc32/v2.50/bin/bin/../../lib/gcc/pic32mx/4.8.3/../../../../pic32mx/lib\libpic32.a(vector14.o)
                0x9fc013c0                __vector_dispatch_14
                0x00000001                ASSERT (((_vector_spacing == 0x0) || (SIZEOF (.vector_14) <= (_vector_spacing << 0x5))), function at exception vector 14 too large)

.vector_15      0x9fc013e0        0x8
 *(.vector_15)
 .vector_15     0x9fc013e0        0x8 c:/program files/microchip/xc32/v2.50/bin/bin/../../lib/gcc/pic32mx/4.8.3/../../../../pic32mx/lib\libpic32.a(vector15.o)
                0x9fc013e0                __vector_dispatch_15
                0x00000001                ASSERT (((_vector_spacing == 0x0) || (SIZEOF (.vector_15) <= (_vector_spacing << 0x5))), function at exception vector 15 too large)

.vector_16      0x9fc01400        0x8
 *(.vector_16)
 .vector_16     0x9fc01400        0x8 build/default/debug/_ext/1360937237/ssd.o
                0x9fc01400                __vector_dispatch_16
                0x00000001                ASSERT (((_vector_spacing == 0x0) || (SIZEOF (.vector_16) <= (_vector_spacing << 0x5))), function at exception vector 16 too large)

.vector_17      0x9fc01420        0x8
 *(.vector_17)
 .vector_17     0x9fc01420        0x8 c:/program files/microchip/xc32/v2.50/bin/bin/../../lib/gcc/pic32mx/4.8.3/../../../../pic32mx/lib\libpic32.a(vector17.o)
                0x9fc01420                __vector_dispatch_17
                0x00000001                ASSERT (((_vector_spacing == 0x0) || (SIZEOF (.vector_17) <= (_vector_spacing << 0x5))), function at exception vector 17 too large)

.vector_18      0x9fc01440        0x8
 *(.vector_18)
 .vector_18     0x9fc01440        0x8 c:/program files/microchip/xc32/v2.50/bin/bin/../../lib/gcc/pic32mx/4.8.3/../../../../pic32mx/lib\libpic32.a(vector18.o)
                0x9fc01440                __vector_dispatch_18
                0x00000001                ASSERT (((_vector_spacing == 0x0) || (SIZEOF (.vector_18) <= (_vector_spacing << 0x5))), function at exception vector 18 too large)

.vector_19      0x9fc01460        0x8
 *(.vector_19)
 .vector_19     0x9fc01460        0x8 build/default/debug/_ext/1688732426/system_interrupt.o
                0x9fc01460                __vector_dispatch_19
                0x00000001                ASSERT (((_vector_spacing == 0x0) || (SIZEOF (.vector_19) <= (_vector_spacing << 0x5))), function at exception vector 19 too large)

.vector_20      0x9fc01480        0x8
 *(.vector_20)
 .vector_20     0x9fc01480        0x8 c:/program files/microchip/xc32/v2.50/bin/bin/../../lib/gcc/pic32mx/4.8.3/../../../../pic32mx/lib\libpic32.a(vector20.o)
                0x9fc01480                __vector_dispatch_20
                0x00000001                ASSERT (((_vector_spacing == 0x0) || (SIZEOF (.vector_20) <= (_vector_spacing << 0x5))), function at exception vector 20 too large)

.vector_21      0x9fc014a0        0x8
 *(.vector_21)
 .vector_21     0x9fc014a0        0x8 c:/program files/microchip/xc32/v2.50/bin/bin/../../lib/gcc/pic32mx/4.8.3/../../../../pic32mx/lib\libpic32.a(vector21.o)
                0x9fc014a0                __vector_dispatch_21
                0x00000001                ASSERT (((_vector_spacing == 0x0) || (SIZEOF (.vector_21) <= (_vector_spacing << 0x5))), function at exception vector 21 too large)

.vector_22      0x9fc014c0        0x8
 *(.vector_22)
 .vector_22     0x9fc014c0        0x8 c:/program files/microchip/xc32/v2.50/bin/bin/../../lib/gcc/pic32mx/4.8.3/../../../../pic32mx/lib\libpic32.a(vector22.o)
                0x9fc014c0                __vector_dispatch_22
                0x00000001                ASSERT (((_vector_spacing == 0x0) || (SIZEOF (.vector_22) <= (_vector_spacing << 0x5))), function at exception vector 22 too large)

.vector_23      0x9fc014e0        0x8
 *(.vector_23)
 .vector_23     0x9fc014e0        0x8 build/default/debug/_ext/1360937237/main.o
                0x9fc014e0                __vector_dispatch_23
                0x00000001                ASSERT (((_vector_spacing == 0x0) || (SIZEOF (.vector_23) <= (_vector_spacing << 0x5))), function at exception vector 23 too large)

.vector_24      0x9fc01500        0x8
 *(.vector_24)
 .vector_24     0x9fc01500        0x8 c:/program files/microchip/xc32/v2.50/bin/bin/../../lib/gcc/pic32mx/4.8.3/../../../../pic32mx/lib\libpic32.a(vector24.o)
                0x9fc01500                __vector_dispatch_24
                0x00000001                ASSERT (((_vector_spacing == 0x0) || (SIZEOF (.vector_24) <= (_vector_spacing << 0x5))), function at exception vector 24 too large)

.vector_25      0x9fc01520        0x8
 *(.vector_25)
 .vector_25     0x9fc01520        0x8 c:/program files/microchip/xc32/v2.50/bin/bin/../../lib/gcc/pic32mx/4.8.3/../../../../pic32mx/lib\libpic32.a(vector25.o)
                0x9fc01520                __vector_dispatch_25
                0x00000001                ASSERT (((_vector_spacing == 0x0) || (SIZEOF (.vector_25) <= (_vector_spacing << 0x5))), function at exception vector 25 too large)

.vector_26      0x9fc01540        0x8
 *(.vector_26)
 .vector_26     0x9fc01540        0x8 c:/program files/microchip/xc32/v2.50/bin/bin/../../lib/gcc/pic32mx/4.8.3/../../../../pic32mx/lib\libpic32.a(vector26.o)
                0x9fc01540                __vector_dispatch_26
                0x00000001                ASSERT (((_vector_spacing == 0x0) || (SIZEOF (.vector_26) <= (_vector_spacing << 0x5))), function at exception vector 26 too large)

.vector_27      0x9fc01560        0x8
 *(.vector_27)
 .vector_27     0x9fc01560        0x8 c:/program files/microchip/xc32/v2.50/bin/bin/../../lib/gcc/pic32mx/4.8.3/../../../../pic32mx/lib\libpic32.a(vector27.o)
                0x9fc01560                __vector_dispatch_27
                0x00000001                ASSERT (((_vector_spacing == 0x0) || (SIZEOF (.vector_27) <= (_vector_spacing << 0x5))), function at exception vector 27 too large)

.vector_28      0x9fc01580        0x8
 *(.vector_28)
 .vector_28     0x9fc01580        0x8 c:/program files/microchip/xc32/v2.50/bin/bin/../../lib/gcc/pic32mx/4.8.3/../../../../pic32mx/lib\libpic32.a(vector28.o)
                0x9fc01580                __vector_dispatch_28
                0x00000001                ASSERT (((_vector_spacing == 0x0) || (SIZEOF (.vector_28) <= (_vector_spacing << 0x5))), function at exception vector 28 too large)

.vector_29      0x9fc015a0        0x8
 *(.vector_29)
 .vector_29     0x9fc015a0        0x8 c:/program files/microchip/xc32/v2.50/bin/bin/../../lib/gcc/pic32mx/4.8.3/../../../../pic32mx/lib\libpic32.a(vector29.o)
                0x9fc015a0                __vector_dispatch_29
                0x00000001                ASSERT (((_vector_spacing == 0x0) || (SIZEOF (.vector_29) <= (_vector_spacing << 0x5))), function at exception vector 29 too large)

.vector_30      0x9fc015c0        0x8
 *(.vector_30)
 .vector_30     0x9fc015c0        0x8 c:/program files/microchip/xc32/v2.50/bin/bin/../../lib/gcc/pic32mx/4.8.3/../../../../pic32mx/lib\libpic32.a(vector30.o)
                0x9fc015c0                __vector_dispatch_30
                0x00000001                ASSERT (((_vector_spacing == 0x0) || (SIZEOF (.vector_30) <= (_vector_spacing << 0x5))), function at exception vector 30 too large)

.vector_31      0x9fc015e0        0x8
 *(.vector_31)
 .vector_31     0x9fc015e0        0x8 c:/program files/microchip/xc32/v2.50/bin/bin/../../lib/gcc/pic32mx/4.8.3/../../../../pic32mx/lib\libpic32.a(vector31.o)
                0x9fc015e0                __vector_dispatch_31
                0x00000001                ASSERT (((_vector_spacing == 0x0) || (SIZEOF (.vector_31) <= (_vector_spacing << 0x5))), function at exception vector 31 too large)

.vector_32      0x9fc01600        0x8
 *(.vector_32)
 .vector_32     0x9fc01600        0x8 c:/program files/microchip/xc32/v2.50/bin/bin/../../lib/gcc/pic32mx/4.8.3/../../../../pic32mx/lib\libpic32.a(vector32.o)
                0x9fc01600                __vector_dispatch_32
                0x00000001                ASSERT (((_vector_spacing == 0x0) || (SIZEOF (.vector_32) <= (_vector_spacing << 0x5))), function at exception vector 32 too large)

.vector_33      0x9fc01620        0x8
 *(.vector_33)
 .vector_33     0x9fc01620        0x8 c:/program files/microchip/xc32/v2.50/bin/bin/../../lib/gcc/pic32mx/4.8.3/../../../../pic32mx/lib\libpic32.a(vector33.o)
                0x9fc01620                __vector_dispatch_33
                0x00000001                ASSERT (((_vector_spacing == 0x0) || (SIZEOF (.vector_33) <= (_vector_spacing << 0x5))), function at exception vector 33 too large)

.vector_34      0x9fc01640        0x8
 *(.vector_34)
 .vector_34     0x9fc01640        0x8 c:/program files/microchip/xc32/v2.50/bin/bin/../../lib/gcc/pic32mx/4.8.3/../../../../pic32mx/lib\libpic32.a(vector34.o)
                0x9fc01640                __vector_dispatch_34
                0x00000001                ASSERT (((_vector_spacing == 0x0) || (SIZEOF (.vector_34) <= (_vector_spacing << 0x5))), function at exception vector 34 too large)

.vector_35      0x9fc01660        0x8
 *(.vector_35)
 .vector_35     0x9fc01660        0x8 build/default/debug/_ext/1688732426/system_interrupt.o
                0x9fc01660                __vector_dispatch_35
                0x00000001                ASSERT (((_vector_spacing == 0x0) || (SIZEOF (.vector_35) <= (_vector_spacing << 0x5))), function at exception vector 35 too large)

.vector_36      0x9fc01680        0x8
 *(.vector_36)
 .vector_36     0x9fc01680        0x8 c:/program files/microchip/xc32/v2.50/bin/bin/../../lib/gcc/pic32mx/4.8.3/../../../../pic32mx/lib\libpic32.a(vector36.o)
                0x9fc01680                __vector_dispatch_36
                0x00000001                ASSERT (((_vector_spacing == 0x0) || (SIZEOF (.vector_36) <= (_vector_spacing << 0x5))), function at exception vector 36 too large)

.vector_37      0x9fc016a0        0x8
 *(.vector_37)
 .vector_37     0x9fc016a0        0x8 c:/program files/microchip/xc32/v2.50/bin/bin/../../lib/gcc/pic32mx/4.8.3/../../../../pic32mx/lib\libpic32.a(vector37.o)
                0x9fc016a0                __vector_dispatch_37
                0x00000001                ASSERT (((_vector_spacing == 0x0) || (SIZEOF (.vector_37) <= (_vector_spacing << 0x5))), function at exception vector 37 too large)

.vector_38      0x9fc016c0        0x8
 *(.vector_38)
 .vector_38     0x9fc016c0        0x8 c:/program files/microchip/xc32/v2.50/bin/bin/../../lib/gcc/pic32mx/4.8.3/../../../../pic32mx/lib\libpic32.a(vector38.o)
                0x9fc016c0                __vector_dispatch_38
                0x00000001                ASSERT (((_vector_spacing == 0x0) || (SIZEOF (.vector_38) <= (_vector_spacing << 0x5))), function at exception vector 38 too large)

.vector_39      0x9fc016e0        0x8
 *(.vector_39)
 .vector_39     0x9fc016e0        0x8 build/default/debug/_ext/1688732426/system_interrupt.o
                0x9fc016e0                __vector_dispatch_39
                0x00000001                ASSERT (((_vector_spacing == 0x0) || (SIZEOF (.vector_39) <= (_vector_spacing << 0x5))), function at exception vector 39 too large)

.vector_40      0x9fc01700        0x8
 *(.vector_40)
 .vector_40     0x9fc01700        0x8 c:/program files/microchip/xc32/v2.50/bin/bin/../../lib/gcc/pic32mx/4.8.3/../../../../pic32mx/lib\libpic32.a(vector40.o)
                0x9fc01700                __vector_dispatch_40
                0x00000001                ASSERT (((_vector_spacing == 0x0) || (SIZEOF (.vector_40) <= (_vector_spacing << 0x5))), function at exception vector 40 too large)

.vector_41      0x9fc01720        0x8
 *(.vector_41)
 .vector_41     0x9fc01720        0x8 c:/program files/microchip/xc32/v2.50/bin/bin/../../lib/gcc/pic32mx/4.8.3/../../../../pic32mx/lib\libpic32.a(vector41.o)
                0x9fc01720                __vector_dispatch_41
                0x00000001                ASSERT (((_vector_spacing == 0x0) || (SIZEOF (.vector_41) <= (_vector_spacing << 0x5))), function at exception vector 41 too large)

.vector_42      0x9fc01740        0x8
 *(.vector_42)
 .vector_42     0x9fc01740        0x8 c:/program files/microchip/xc32/v2.50/bin/bin/../../lib/gcc/pic32mx/4.8.3/../../../../pic32mx/lib\libpic32.a(vector42.o)
                0x9fc01740                __vector_dispatch_42
                0x00000001                ASSERT (((_vector_spacing == 0x0) || (SIZEOF (.vector_42) <= (_vector_spacing << 0x5))), function at exception vector 42 too large)

.vector_43      0x9fc01760        0x8
 *(.vector_43)
 .vector_43     0x9fc01760        0x8 c:/program files/microchip/xc32/v2.50/bin/bin/../../lib/gcc/pic32mx/4.8.3/../../../../pic32mx/lib\libpic32.a(vector43.o)
                0x9fc01760                __vector_dispatch_43
                0x00000001                ASSERT (((_vector_spacing == 0x0) || (SIZEOF (.vector_43) <= (_vector_spacing << 0x5))), function at exception vector 43 too large)

.vector_44      0x9fc01780        0x8
 *(.vector_44)
 .vector_44     0x9fc01780        0x8 c:/program files/microchip/xc32/v2.50/bin/bin/../../lib/gcc/pic32mx/4.8.3/../../../../pic32mx/lib\libpic32.a(vector44.o)
                0x9fc01780                __vector_dispatch_44
                0x00000001                ASSERT (((_vector_spacing == 0x0) || (SIZEOF (.vector_44) <= (_vector_spacing << 0x5))), function at exception vector 44 too large)

.vector_45      0x9fc017a0        0x8
 *(.vector_45)
 .vector_45     0x9fc017a0        0x8 c:/program files/microchip/xc32/v2.50/bin/bin/../../lib/gcc/pic32mx/4.8.3/../../../../pic32mx/lib\libpic32.a(vector45.o)
                0x9fc017a0                __vector_dispatch_45
                0x00000001                ASSERT (((_vector_spacing == 0x0) || (SIZEOF (.vector_45) <= (_vector_spacing << 0x5))), function at exception vector 45 too large)

.vector_46      0x9fc017c0        0x0
 *(.vector_46)
                0x00000001                ASSERT (((_vector_spacing == 0x0) || (SIZEOF (.vector_46) <= (_vector_spacing << 0x5))), function at exception vector 46 too large)

.vector_47      0x9fc017e0        0x0
 *(.vector_47)
                0x00000001                ASSERT (((_vector_spacing == 0x0) || (SIZEOF (.vector_47) <= (_vector_spacing << 0x5))), function at exception vector 47 too large)

.vector_48      0x9fc01800        0x0
 *(.vector_48)
                0x00000001                ASSERT (((_vector_spacing == 0x0) || (SIZEOF (.vector_48) <= (_vector_spacing << 0x5))), function at exception vector 48 too large)

.vector_49      0x9fc01820        0x0
 *(.vector_49)
                0x00000001                ASSERT (((_vector_spacing == 0x0) || (SIZEOF (.vector_49) <= (_vector_spacing << 0x5))), function at exception vector 49 too large)

.vector_50      0x9fc01840        0x0
 *(.vector_50)
                0x00000001                ASSERT (((_vector_spacing == 0x0) || (SIZEOF (.vector_50) <= (_vector_spacing << 0x5))), function at exception vector 50 too large)

.vector_51      0x9fc01860        0x0
 *(.vector_51)
                0x00000001                ASSERT (((_vector_spacing == 0x0) || (SIZEOF (.vector_51) <= (_vector_spacing << 0x5))), function at exception vector 51 too large)

.vector_52      0x9fc01880        0x0
 *(.vector_52)
                0x00000001                ASSERT (((_vector_spacing == 0x0) || (SIZEOF (.vector_52) <= (_vector_spacing << 0x5))), function at exception vector 52 too large)

.vector_53      0x9fc018a0        0x0
 *(.vector_53)
                0x00000001                ASSERT (((_vector_spacing == 0x0) || (SIZEOF (.vector_53) <= (_vector_spacing << 0x5))), function at exception vector 53 too large)

.vector_54      0x9fc018c0        0x0
 *(.vector_54)
                0x00000001                ASSERT (((_vector_spacing == 0x0) || (SIZEOF (.vector_54) <= (_vector_spacing << 0x5))), function at exception vector 54 too large)

.vector_55      0x9fc018e0        0x0
 *(.vector_55)
                0x00000001                ASSERT (((_vector_spacing == 0x0) || (SIZEOF (.vector_55) <= (_vector_spacing << 0x5))), function at exception vector 55 too large)

.vector_56      0x9fc01900        0x0
 *(.vector_56)
                0x00000001                ASSERT (((_vector_spacing == 0x0) || (SIZEOF (.vector_56) <= (_vector_spacing << 0x5))), function at exception vector 56 too large)

.vector_57      0x9fc01920        0x0
 *(.vector_57)
                0x00000001                ASSERT (((_vector_spacing == 0x0) || (SIZEOF (.vector_57) <= (_vector_spacing << 0x5))), function at exception vector 57 too large)

.vector_58      0x9fc01940        0x0
 *(.vector_58)
                0x00000001                ASSERT (((_vector_spacing == 0x0) || (SIZEOF (.vector_58) <= (_vector_spacing << 0x5))), function at exception vector 58 too large)

.vector_59      0x9fc01960        0x0
 *(.vector_59)
                0x00000001                ASSERT (((_vector_spacing == 0x0) || (SIZEOF (.vector_59) <= (_vector_spacing << 0x5))), function at exception vector 59 too large)

.vector_60      0x9fc01980        0x0
 *(.vector_60)
                0x00000001                ASSERT (((_vector_spacing == 0x0) || (SIZEOF (.vector_60) <= (_vector_spacing << 0x5))), function at exception vector 60 too large)

.vector_61      0x9fc019a0        0x0
 *(.vector_61)
                0x00000001                ASSERT (((_vector_spacing == 0x0) || (SIZEOF (.vector_61) <= (_vector_spacing << 0x5))), function at exception vector 61 too large)

.vector_62      0x9fc019c0        0x0
 *(.vector_62)
                0x00000001                ASSERT (((_vector_spacing == 0x0) || (SIZEOF (.vector_62) <= (_vector_spacing << 0x5))), function at exception vector 62 too large)

.vector_63      0x9fc019e0        0x0
 *(.vector_63)
                0x00000001                ASSERT (((_vector_spacing == 0x0) || (SIZEOF (.vector_63) <= (_vector_spacing << 0x5))), function at exception vector 63 too large)

.startup
 *(.startup)

.text           0x9d000000        0x0
 *(.stub .gnu.linkonce.t.*)
 *(.text.*personality*)
 *(.mips16.fn.*)
 *(.mips16.call.*)
 *(.gnu.warning)
                0x9d000000                . = ALIGN (0x4)

.init           0x9d000000        0x0
 *crti.o(.init)
 *crtbegin.o(.init)
 *(EXCLUDE_FILE(*crtn.o *crtend?.o *crtend.o) .init)
 *crtend.o(.init)
 *crtn.o(.init)
                0x9d000000                . = ALIGN (0x4)

.fini           0x9d000000        0x0
 *(.fini)
                0x9d000000                . = ALIGN (0x4)

.preinit_array  0x9d000000        0x0
                0x9d000000                PROVIDE (__preinit_array_start, .)
 *(.preinit_array)
                0x9d000000                PROVIDE (__preinit_array_end, .)
                0x9d000000                . = ALIGN (0x4)

.init_array     0x9d000000        0x0
                0x9d000000                PROVIDE (__init_array_start, .)
 *(SORT(.init_array.*))
 *(.init_array)
                0x9d000000                PROVIDE (__init_array_end, .)
                0x9d000000                . = ALIGN (0x4)

.fini_array     0x9d000000        0x0
                0x9d000000                PROVIDE (__fini_array_start, .)
 *(SORT(.fini_array.*))
 *(.fini_array)
                0x9d000000                PROVIDE (__fini_array_end, .)
                0x9d000000                . = ALIGN (0x4)

.ctors          0x9d000000        0x0
 *crtbegin.o(.ctors)
 *crtbegin?.o(.ctors)
 *(EXCLUDE_FILE(*crtend?.o *crtend.o) .ctors)
 *(SORT(.ctors.*))
 *(.ctors)
                0x9d000000                . = ALIGN (0x4)

.dtors          0x9d000000        0x0
 *crtbegin.o(.dtors)
 *crtbegin?.o(.dtors)
 *(EXCLUDE_FILE(*crtend?.o *crtend.o) .dtors)
 *(SORT(.dtors.*))
 *(.dtors)
                0x9d000000                . = ALIGN (0x4)

.rodata         0x9d000000        0x0
 *(.gnu.linkonce.r.*)
 *(.rodata1)
                0x9d000000                . = ALIGN (0x4)

.sdata2         0x9fc00490        0x0
 *(.sdata2 .sdata2.* .gnu.linkonce.s2.*)
                0x9fc00490                . = ALIGN (0x4)

.sbss2          0x9fc00490        0x0
 *(.sbss2 .sbss2.* .gnu.linkonce.sb2.*)
                0x9fc00490                . = ALIGN (0x4)

.eh_frame_hdr
 *(.eh_frame_hdr)
                0x9fc00490                . = ALIGN (0x4)

.eh_frame
 *(.eh_frame)
                0x9fc00490                . = ALIGN (0x4)

.gcc_except_table
 *(.gcc_except_table .gcc_except_table.*)
                0x9fc00490                . = ALIGN (0x4)

.dbg_data       0xa0000200        0x0
                0xa0000200                . = (. + DEFINED (_DEBUGGER)?0x200:0x0)

.jcr            0xa0000200        0x0
 *(.jcr)
                0xa0000200                . = ALIGN (0x4)

.eh_frame
 *(.eh_frame)
                0xa0000200                . = ALIGN (0x4)

.gcc_except_table
 *(.gcc_except_table .gcc_except_table.*)
                0xa0000200                . = ALIGN (0x4)

.persist        0xa0000200        0x0
                0xa0000200                _persist_begin = .
 *(.persist .persist.*)
 *(.pbss .pbss.*)
                0xa0000200                . = ALIGN (0x4)
                0xa0000200                _persist_end = .

.data           0xa0000200        0x0
 *(.gnu.linkonce.d.*)
 *(.data1)
                0xa0000200                . = ALIGN (0x4)
                0xa0000200                . = .
                0xa00081f0                _gp = (ALIGN (0x10) + 0x7ff0)

.got            0xa0000200        0x0
 *(.got.plt)
 *(.got)
                0xa0000200                . = ALIGN (0x4)

.sdata          0xa0000200       0x3c
                0xa0000200                _sdata_begin = .
 *(.sdata .sdata.* .gnu.linkonce.s.*)
 .sdata         0xa0000200        0xb build/default/debug/_ext/996065237/drv_encx24j600_spi_bus.o
 *fill*         0xa000020b        0x1 
 .sdata         0xa000020c        0x2 build/default/debug/_ext/1728422854/drv_encx24j600_tx_packet.o
                0xa000020c                lastPacketAddr
 *fill*         0xa000020e        0x2 
 .sdata         0xa0000210        0x8 build/default/debug/_ext/26143033/arp.o
 .sdata         0xa0000218        0x4 build/default/debug/_ext/26143033/tcpip_manager.o
 .sdata         0xa000021c        0xc build/default/debug/_ext/1688732426/system_init.o
                0xa000021c                consUsartInit0
                0xa0000224                sysConsoleObjects
 .sdata         0xa0000228        0x8 build/default/debug/_ext/1360937237/UDP_app.o
 .sdata         0xa0000230        0x4 build/default/debug/_ext/1360937237/main.o
                0xa0000230                niveauAttention
 .sdata         0xa0000234        0x4 c:/program files/microchip/xc32/v2.50/bin/bin/../../lib/gcc/pic32mx/4.8.3/../../../../pic32mx/lib\liblega-c.a(_iobdata.o)
                0xa0000234                _libc_data
 .sdata         0xa0000238        0x4 c:/program files/microchip/xc32/v2.50/bin/bin/../../lib/gcc/pic32mx/4.8.3/../../../../pic32mx/lib\libpic32.a(xc32_uart.o)
                0xa0000238                __XC_UART
                0xa000023c                . = ALIGN (0x4)
                0xa000023c                _sdata_end = .

.lit8
 *(.lit8)

.lit4
 *(.lit4)
                0xa000023c                . = ALIGN (0x4)
                0xa000023c                _data_end = .
                0xa000023c                _bss_begin = .

.sbss           0xa000023c      0x134
                0xa000023c                _sbss_begin = .
 *(.dynsbss)
 *(.sbss .sbss.* .gnu.linkonce.sb.*)
 .sbss          0xa000023c        0x1 build/default/debug/_ext/1360937237/ssd.o
 *fill*         0xa000023d        0x3 
 .sbss          0xa0000240       0x24 build/default/debug/_ext/1360937237/accel.o
                0xa0000240                count_tableau
                0xa0000242                count_40
                0xa0000244                count_16
                0xa0000246                count_send
                0xa0000248                count
                0xa000024c                NombreZ
                0xa0000250                NombreY
                0xa0000254                NombreX
                0xa0000258                MoyenneZ
                0xa000025c                MoyenneY
                0xa0000260                MoyenneX
 .sbss          0xa0000264        0x1 build/default/debug/_ext/996065237/drv_encx24j600_spi_bus.o
 *fill*         0xa0000265        0x3 
 .sbss          0xa0000268        0xc build/default/debug/_ext/820865379/drv_encx24j600_api.o
 .sbss          0xa0000274        0x1 build/default/debug/_ext/915312864/drv_spi.o
 *fill*         0xa0000275        0x3 
 .sbss          0xa0000278        0x4 build/default/debug/_ext/1298913485/drv_tmr.o
 .sbss          0xa000027c        0x2 build/default/debug/_ext/327000265/drv_usart_static_buffer_queue.o
 *fill*         0xa000027e        0x2 
 .sbss          0xa0000280       0x10 build/default/debug/_ext/2001008086/sys_command.o
 .sbss          0xa0000290       0x1c build/default/debug/_ext/26143033/ipv4.o
                0xa0000290                _IPv4StayAssertLoop
 .sbss          0xa00002ac       0x1c build/default/debug/_ext/26143033/udp.o
 .sbss          0xa00002c8       0x24 build/default/debug/_ext/26143033/tcpip_manager.o
 .sbss          0xa00002ec        0x8 build/default/debug/_ext/26143033/tcpip_packet.o
 .sbss          0xa00002f4        0x8 build/default/debug/_ext/1688732426/system_init.o
                0xa00002f4                sysCmdInit
 .sbss          0xa00002fc        0x6 build/default/debug/_ext/1360937237/app_commands.o
                0xa00002fc                UDP_bytes_received
                0xa00002fe                UDP_bytes_to_send
                0xa0000300                UDP_Receive_Packet
                0xa0000301                UDP_Send_Packet
 *fill*         0xa0000302        0x2 
 .sbss          0xa0000304       0x24 build/default/debug/_ext/1360937237/main.o
                0xa0000306                compteurCycle
                0xa0000308                counter_8kHz
                0xa000030c                dataIndex
                0xa0000310                feedBackTime
                0xa0000314                threshold
                0xa0000318                signalInput
                0xa0000324                timer
 .sbss          0xa0000328        0x4 c:/program files/microchip/xc32/v2.50/bin/bin/../../lib/gcc/pic32mx/4.8.3/../../../../pic32mx/lib\liblega-c.a(errno.o)
                0xa0000328                errno
 *(.scommon)
 .scommon       0xa000032c        0x4 build/default/debug/_ext/1360937237/ssd.o
                0xa000032c                digits
 .scommon       0xa0000330       0x20 build/default/debug/_ext/1360937237/accel.o
                0xa0000330                Tram_Send
                0xa0000334                accelZ2
                0xa0000338                fGRangeLSB
                0xa000033c                accel_buffer
                0xa0000344                accelX2
                0xa0000348                accel_data_ready
                0xa000034c                accelY2
 .scommon       0xa0000350        0x3 build/default/debug/rgbled.o
                0xa0000350                bColR
                0xa0000351                bColG
                0xa0000352                bColB
 *fill*         0xa0000353        0x1 
 .scommon       0xa0000354        0x8 build/default/debug/_ext/340578644/sys_devcon.o
                0xa0000354                sysDevconObj
 .scommon       0xa000035c        0x6 build/default/debug/_ext/1360937237/app_commands.o
                0xa000035c                UDP_Port_Buffer
 *fill*         0xa0000362        0x2 
 .scommon       0xa0000364        0xc build/default/debug/_ext/1360937237/main.o
                0xa0000364                calibration
                0xa000036c                baseline_power
                0xa0000370                _sbss_end = .
                0xa0000370                . = ALIGN (0x4)

.bss            0xa0000370     0x5c74
 *(.dynbss)
 *(COMMON)
 COMMON         0xa0000370       0x20 build/default/debug/_ext/327000265/drv_usart_static.o
                0xa0000370                gDrvUSART0Obj
 COMMON         0xa0000390     0x4800 build/default/debug/_ext/327000265/drv_usart_static_buffer_queue.o
                0xa0000390                gDrvUSARTBufferObj
 COMMON         0xa0004b90       0x1c build/default/debug/_ext/1688732426/system_init.o
                0xa0004b90                sysObj
 COMMON         0xa0004bac     0x13f9 build/default/debug/_ext/1360937237/app_commands.o
                0xa0004bac                UDP_Server_Receive_Buffer
                0xa00051b0                UDP_Hostname_Buffer
                0xa00052b0                UDP_Send_Buffer
                0xa00058b4                bufferArea
                0xa00059a4                UDP_Receive_Buffer
 *fill*         0xa0005fa5        0x3 
 COMMON         0xa0005fa8       0x18 build/default/debug/_ext/1360937237/UDP_app.o
                0xa0005fa8                appData
 COMMON         0xa0005fc0       0x24 build/default/debug/_ext/1360937237/main.o
                0xa0005fc0                Intense
                0xa0005fcc                machine
                0xa0005fd8                Last_Intense
                0xa0005fe4                . = ALIGN ((. != 0x0)?0x4:0x1)
                0xa0005fe4                . = ALIGN (0x4)
                0xa0005fe4                _end = .
                0xa0005fe4                _bss_end = .
                0x00020000                _bmxdudba_address = 0x20000
                0x00020000                _bmxdupba_address = 0x20000

/DISCARD/
 *(.pdr)
 *(.rel.dyn)
 *(.note.GNU-stack)
 *(.note.GNU-stack)
 *(.gnu_debuglink)
 *(.gnu.lto_*)
 *(.discard)

.gptab.sdata
 *(.gptab.data)
 *(.gptab.sdata)

.gptab.sbss
 *(.gptab.bss)
 *(.gptab.sbss)

.mdebug.abi32   0xa0005fe4        0x0
 *(.mdebug.abi32)
 .mdebug.abi32  0xa0005fe4        0x0 c:/program files/microchip/xc32/v2.50/bin/bin/../../lib/gcc/pic32mx/4.8.3/../../../../pic32mx/lib\software-debug-break.o
 .mdebug.abi32  0xa0005fe4        0x0 build/default/debug/_ext/1360937237/led.o
 .mdebug.abi32  0xa0005fe4        0x0 build/default/debug/_ext/1360937237/ssd.o
 .mdebug.abi32  0xa0005fe4        0x0 build/default/debug/_ext/1360937237/accel.o
 .mdebug.abi32  0xa0005fe4        0x0 build/default/debug/_ext/1360937237/i2c.o
 .mdebug.abi32  0xa0005fe4        0x0 build/default/debug/_ext/1360937237/lcd.o
 .mdebug.abi32  0xa0005fe4        0x0 build/default/debug/rgbled.o
 .mdebug.abi32  0xa0005fe4        0x0 build/default/debug/_ext/1360937237/IO.o
 .mdebug.abi32  0xa0005fe4        0x0 build/default/debug/_ext/996065237/drv_encx24j600_spi_bus.o
 .mdebug.abi32  0xa0005fe4        0x0 build/default/debug/_ext/1600828880/drv_encx24j600_closed_state.o
 .mdebug.abi32  0xa0005fe4        0x0 build/default/debug/_ext/472602724/drv_encx24j600_initialization_state.o
 .mdebug.abi32  0xa0005fe4        0x0 build/default/debug/_ext/472602724/drv_encx24j600_configure_state.o
 .mdebug.abi32  0xa0005fe4        0x0 build/default/debug/_ext/472602724/drv_encx24j600_detect_state.o
 .mdebug.abi32  0xa0005fe4        0x0 build/default/debug/_ext/472602724/drv_encx24j600_reset_state.o
 .mdebug.abi32  0xa0005fe4        0x0 build/default/debug/_ext/1728422854/drv_encx24j600_tx_packet.o
 .mdebug.abi32  0xa0005fe4        0x0 build/default/debug/_ext/1728422854/drv_encx24j600_rx_packet.o
 .mdebug.abi32  0xa0005fe4        0x0 build/default/debug/_ext/999618079/drv_encx24j600_running_state.o
 .mdebug.abi32  0xa0005fe4        0x0 build/default/debug/_ext/999618079/drv_encx24j600_change_duplex_state.o
 .mdebug.abi32  0xa0005fe4        0x0 build/default/debug/_ext/999618079/drv_encx24j600_check_int_state.o
 .mdebug.abi32  0xa0005fe4        0x0 build/default/debug/_ext/999618079/drv_encx24j600_check_status_state.o
 .mdebug.abi32  0xa0005fe4        0x0 build/default/debug/_ext/999618079/drv_encx24j600_check_tx_status_state.o
 .mdebug.abi32  0xa0005fe4        0x0 build/default/debug/_ext/999618079/drv_encx24j600_reset_rx_state.o
 .mdebug.abi32  0xa0005fe4        0x0 build/default/debug/_ext/820865379/drv_encx24j600_api.o
 .mdebug.abi32  0xa0005fe4        0x0 build/default/debug/_ext/820865379/drv_encx24j600_main_state.o
 .mdebug.abi32  0xa0005fe4        0x0 build/default/debug/_ext/820865379/drv_encx24j600_utils.o
 .mdebug.abi32  0xa0005fe4        0x0 build/default/debug/_ext/977502197/drv_spi_tasks.o
 .mdebug.abi32  0xa0005fe4        0x0 build/default/debug/_ext/977502197/drv_spi_api.o
 .mdebug.abi32  0xa0005fe4        0x0 build/default/debug/_ext/977502197/drv_spi_master_ebm_tasks.o
 .mdebug.abi32  0xa0005fe4        0x0 build/default/debug/_ext/915312864/drv_spi.o
 .mdebug.abi32  0xa0005fe4        0x0 build/default/debug/_ext/2077795248/drv_spi_sys_queue_fifo.o
 .mdebug.abi32  0xa0005fe4        0x0 build/default/debug/_ext/1298913485/drv_tmr.o
 .mdebug.abi32  0xa0005fe4        0x0 build/default/debug/_ext/327000265/drv_usart_mapping.o
 .mdebug.abi32  0xa0005fe4        0x0 build/default/debug/_ext/327000265/drv_usart_static.o
 .mdebug.abi32  0xa0005fe4        0x0 build/default/debug/_ext/327000265/drv_usart_static_buffer_queue.o
 .mdebug.abi32  0xa0005fe4        0x0 build/default/debug/_ext/327000265/drv_usart_static_read_write.o
 .mdebug.abi32  0xa0005fe4        0x0 build/default/debug/_ext/639803181/sys_clk_pic32mx.o
 .mdebug.abi32  0xa0005fe4        0x0 build/default/debug/_ext/2001008086/sys_command.o
 .mdebug.abi32  0xa0005fe4        0x0 build/default/debug/_ext/1544295906/sys_console.o
 .mdebug.abi32  0xa0005fe4        0x0 build/default/debug/_ext/1544295906/sys_console_uart.o
 .mdebug.abi32  0xa0005fe4        0x0 build/default/debug/_ext/340578644/sys_devcon.o
 .mdebug.abi32  0xa0005fe4        0x0 build/default/debug/_ext/340578644/sys_devcon_pic32mx.o
 .mdebug.abi32  0xa0005fe4        0x0 build/default/debug/_ext/1735427962/sys_int_pic32.o
 .mdebug.abi32  0xa0005fe4        0x0 build/default/debug/_ext/822048611/sys_ports_static.o
 .mdebug.abi32  0xa0005fe4        0x0 build/default/debug/_ext/327917790/sys_random.o
 .mdebug.abi32  0xa0005fe4        0x0 build/default/debug/_ext/68765530/sys_reset.o
 .mdebug.abi32  0xa0005fe4        0x0 build/default/debug/_ext/1417409628/sys_tmr.o
 .mdebug.abi32  0xa0005fe4        0x0 build/default/debug/_ext/1881663949/helpers.o
 .mdebug.abi32  0xa0005fe4        0x0 build/default/debug/_ext/26143033/ipv4.o
 .mdebug.abi32  0xa0005fe4        0x0 build/default/debug/_ext/26143033/udp.o
 .mdebug.abi32  0xa0005fe4        0x0 build/default/debug/_ext/26143033/tcpip_heap_alloc.o
 .mdebug.abi32  0xa0005fe4        0x0 build/default/debug/_ext/26143033/tcpip_heap_internal.o
 .mdebug.abi32  0xa0005fe4        0x0 build/default/debug/_ext/26143033/arp.o
 .mdebug.abi32  0xa0005fe4        0x0 build/default/debug/_ext/26143033/dns.o
 .mdebug.abi32  0xa0005fe4        0x0 build/default/debug/_ext/26143033/hash_fnv.o
 .mdebug.abi32  0xa0005fe4        0x0 build/default/debug/_ext/26143033/oahash.o
 .mdebug.abi32  0xa0005fe4        0x0 build/default/debug/_ext/26143033/tcpip_helpers.o
 .mdebug.abi32  0xa0005fe4        0x0 build/default/debug/_ext/26143033/tcpip_manager.o
 .mdebug.abi32  0xa0005fe4        0x0 build/default/debug/_ext/26143033/tcpip_notify.o
 .mdebug.abi32  0xa0005fe4        0x0 build/default/debug/_ext/26143033/tcpip_packet.o
 .mdebug.abi32  0xa0005fe4        0x0 build/default/debug/_ext/1688732426/system_init.o
 .mdebug.abi32  0xa0005fe4        0x0 build/default/debug/_ext/1688732426/system_interrupt.o
 .mdebug.abi32  0xa0005fe4        0x0 build/default/debug/_ext/1688732426/system_tasks.o
 .mdebug.abi32  0xa0005fe4        0x0 build/default/debug/_ext/1360937237/app_commands.o
 .mdebug.abi32  0xa0005fe4        0x0 build/default/debug/_ext/1360937237/UDP_app.o
 .mdebug.abi32  0xa0005fe4        0x0 build/default/debug/_ext/1360937237/main.o
 .mdebug.abi32  0xa0005fe4        0x0 c:/program files/microchip/xc32/v2.50/bin/bin/../../lib/gcc/pic32mx/4.8.3\libgcc.a(_udivdi3.o)
 .mdebug.abi32  0xa0005fe4        0x0 c:/program files/microchip/xc32/v2.50/bin/bin/../../lib/gcc/pic32mx/4.8.3\libgcc.a(floatunsisf.o)
 .mdebug.abi32  0xa0005fe4        0x0 c:/program files/microchip/xc32/v2.50/bin/bin/../../lib/gcc/pic32mx/4.8.3/../../../../pic32mx/lib\libpic32.a(default-bootstrap-exception-handler.o)
 .mdebug.abi32  0xa0005fe4        0x0 c:/program files/microchip/xc32/v2.50/bin/bin/../../lib/gcc/pic32mx/4.8.3/../../../../pic32mx/lib\libpic32.a(default-on-reset.o)
 .mdebug.abi32  0xa0005fe4        0x0 c:/program files/microchip/xc32/v2.50/bin/bin/../../lib/gcc/pic32mx/4.8.3/../../../../pic32mx/lib\libpic32.a(default-on-bootstrap.o)
 .mdebug.abi32  0xa0005fe4        0x0 c:/program files/microchip/xc32/v2.50/bin/bin/../../lib/gcc/pic32mx/4.8.3/../../../../pic32mx/lib\libpic32.a(default-general-exception-handler.o)
 .mdebug.abi32  0xa0005fe4        0x0 c:/program files/microchip/xc32/v2.50/bin/bin/../../lib/gcc/pic32mx/4.8.3/../../../../pic32mx/lib\libpic32.a(defaultinterrupt.o)
 .mdebug.abi32  0xa0005fe4        0x0 c:/program files/microchip/xc32/v2.50/bin/bin/../../lib/gcc/pic32mx/4.8.3/../../../../pic32mx/lib\liblega-c.a(strncpy.o)
 .mdebug.abi32  0xa0005fe4        0x0 c:/program files/microchip/xc32/v2.50/bin/bin/../../lib/gcc/pic32mx/4.8.3/../../../../pic32mx/lib\liblega-c.a(ctype.o)
 .mdebug.abi32  0xa0005fe4        0x0 c:/program files/microchip/xc32/v2.50/bin/bin/../../lib/gcc/pic32mx/4.8.3/../../../../pic32mx/lib\liblega-c.a(ctypef.o)
 .mdebug.abi32  0xa0005fe4        0x0 c:/program files/microchip/xc32/v2.50/bin/bin/../../lib/gcc/pic32mx/4.8.3/../../../../pic32mx/lib\liblega-c.a(malloc.o)
 .mdebug.abi32  0xa0005fe4        0x0 c:/program files/microchip/xc32/v2.50/bin/bin/../../lib/gcc/pic32mx/4.8.3/../../../../pic32mx/lib\liblega-c.a(malloc_calloc.o)
 .mdebug.abi32  0xa0005fe4        0x0 c:/program files/microchip/xc32/v2.50/bin/bin/../../lib/gcc/pic32mx/4.8.3/../../../../pic32mx/lib\liblega-c.a(rand.o)
 .mdebug.abi32  0xa0005fe4        0x0 c:/program files/microchip/xc32/v2.50/bin/bin/../../lib/gcc/pic32mx/4.8.3/../../../../pic32mx/lib\liblega-c.a(errno.o)
 .mdebug.abi32  0xa0005fe4        0x0 c:/program files/microchip/xc32/v2.50/bin/bin/../../lib/gcc/pic32mx/4.8.3/../../../../pic32mx/lib\liblega-c.a(strtol.o)
 .mdebug.abi32  0xa0005fe4        0x0 c:/program files/microchip/xc32/v2.50/bin/bin/../../lib/gcc/pic32mx/4.8.3/../../../../pic32mx/lib\liblega-c.a(sprintf_cdnopsuxX.eo)
 .mdebug.abi32  0xa0005fe4        0x0 c:/program files/microchip/xc32/v2.50/bin/bin/../../lib/gcc/pic32mx/4.8.3/../../../../pic32mx/lib\liblega-c.a(snprintf_cdnopsuxX.eo)
 .mdebug.abi32  0xa0005fe4        0x0 c:/program files/microchip/xc32/v2.50/bin/bin/../../lib/gcc/pic32mx/4.8.3/../../../../pic32mx/lib\liblega-c.a(vsnprintf.o)
 .mdebug.abi32  0xa0005fe4        0x0 c:/program files/microchip/xc32/v2.50/bin/bin/../../lib/gcc/pic32mx/4.8.3/../../../../pic32mx/lib\liblega-c.a(stubs.o)
 .mdebug.abi32  0xa0005fe4        0x0 c:/program files/microchip/xc32/v2.50/bin/bin/../../lib/gcc/pic32mx/4.8.3/../../../../pic32mx/lib\liblega-c.a(_doprnt_cdnopsuxX.eo)
 .mdebug.abi32  0xa0005fe4        0x0 c:/program files/microchip/xc32/v2.50/bin/bin/../../lib/gcc/pic32mx/4.8.3/../../../../pic32mx/lib\liblega-c.a(_doprnt.o)
 .mdebug.abi32  0xa0005fe4        0x0 c:/program files/microchip/xc32/v2.50/bin/bin/../../lib/gcc/pic32mx/4.8.3/../../../../pic32mx/lib\liblega-c.a(_iobdata.o)
 .mdebug.abi32  0xa0005fe4        0x0 c:/program files/microchip/xc32/v2.50/bin/bin/../../lib/gcc/pic32mx/4.8.3/../../../../pic32mx/lib\liblega-c.a(_iobfuncs.o)
 .mdebug.abi32  0xa0005fe4        0x0 c:/program files/microchip/xc32/v2.50/bin/bin/../../lib/gcc/pic32mx/4.8.3/../../../../pic32mx/lib\liblega-c.a(_iobstring.o)
 .mdebug.abi32  0xa0005fe4        0x0 c:/program files/microchip/xc32/v2.50/bin/bin/../../lib/gcc/pic32mx/4.8.3/../../../../pic32mx/lib\liblega-c.a(fputc.o)
 .mdebug.abi32  0xa0005fe4        0x0 c:/program files/microchip/xc32/v2.50/bin/bin/../../lib/gcc/pic32mx/4.8.3\libgcc.a(_umoddi3.o)
 .mdebug.abi32  0xa0005fe4        0x0 c:/program files/microchip/xc32/v2.50/bin/bin/../../lib/gcc/pic32mx/4.8.3/../../../../pic32mx/lib\libpic32.a(sbrk.o)
 .mdebug.abi32  0xa0005fe4        0x0 c:/program files/microchip/xc32/v2.50/bin/bin/../../lib/gcc/pic32mx/4.8.3/../../../../pic32mx/lib\libpic32.a(_mon_getc.o)
 .mdebug.abi32  0xa0005fe4        0x0 c:/program files/microchip/xc32/v2.50/bin/bin/../../lib/gcc/pic32mx/4.8.3/../../../../pic32mx/lib\libpic32.a(_mon_write.o)
 .mdebug.abi32  0xa0005fe4        0x0 c:/program files/microchip/xc32/v2.50/bin/bin/../../lib/gcc/pic32mx/4.8.3/../../../../pic32mx/lib\libpic32.a(xc32_uart.o)
 .mdebug.abi32  0xa0005fe4        0x0 c:/program files/microchip/xc32/v2.50/bin/bin/../../lib/gcc/pic32mx/4.8.3/../../../../pic32mx/lib\libpic32.a(_mon_putc.o)

.mdebug.abiN32
 *(.mdebug.abiN32)

.mdebug.abi64
 *(.mdebug.abi64)

.mdebug.abiO64
 *(.mdebug.abiO64)

.mdebug.eabi32
 *(.mdebug.eabi32)

.mdebug.eabi64
 *(.mdebug.eabi64)

.gcc_compiled_long32
 *(.gcc_compiled_long32)

.gcc_compiled_long64
 *(.gcc_compiled_long64)

.stab
 *(.stab)

.stabstr
 *(.stabstr)

.stab.excl
 *(.stab.excl)

.stab.exclstr
 *(.stab.exclstr)

.stab.index
 *(.stab.index)

.stab.indexstr
 *(.stab.indexstr)

.comment        0x00000000      0x5a6
 *(.comment)
 .comment       0x00000000       0x3c c:/program files/microchip/xc32/v2.50/bin/bin/../../lib/gcc/pic32mx/4.8.3/../../../../pic32mx/lib\software-debug-break.o
                                 0x3d (size before relaxing)
 .comment       0x00000000       0x3d build/default/debug/_ext/1360937237/led.o
 .comment       0x00000000       0x3d build/default/debug/_ext/1360937237/ssd.o
 .comment       0x00000000       0x3d build/default/debug/_ext/1360937237/accel.o
 .comment       0x00000000       0x3d build/default/debug/_ext/1360937237/i2c.o
 .comment       0x00000000       0x3d build/default/debug/_ext/1360937237/lcd.o
 .comment       0x00000000       0x3d build/default/debug/rgbled.o
 .comment       0x00000000       0x3d build/default/debug/_ext/1360937237/IO.o
 .comment       0x00000000       0x3d build/default/debug/_ext/996065237/drv_encx24j600_spi_bus.o
 .comment       0x00000000       0x3d build/default/debug/_ext/1600828880/drv_encx24j600_closed_state.o
 .comment       0x00000000       0x3d build/default/debug/_ext/472602724/drv_encx24j600_initialization_state.o
 .comment       0x00000000       0x3d build/default/debug/_ext/472602724/drv_encx24j600_configure_state.o
 .comment       0x00000000       0x3d build/default/debug/_ext/472602724/drv_encx24j600_detect_state.o
 .comment       0x00000000       0x3d build/default/debug/_ext/472602724/drv_encx24j600_reset_state.o
 .comment       0x00000000       0x3d build/default/debug/_ext/1728422854/drv_encx24j600_tx_packet.o
 .comment       0x00000000       0x3d build/default/debug/_ext/1728422854/drv_encx24j600_rx_packet.o
 .comment       0x00000000       0x3d build/default/debug/_ext/999618079/drv_encx24j600_running_state.o
 .comment       0x00000000       0x3d build/default/debug/_ext/999618079/drv_encx24j600_change_duplex_state.o
 .comment       0x00000000       0x3d build/default/debug/_ext/999618079/drv_encx24j600_check_int_state.o
 .comment       0x00000000       0x3d build/default/debug/_ext/999618079/drv_encx24j600_check_status_state.o
 .comment       0x00000000       0x3d build/default/debug/_ext/999618079/drv_encx24j600_check_tx_status_state.o
 .comment       0x00000000       0x3d build/default/debug/_ext/999618079/drv_encx24j600_reset_rx_state.o
 .comment       0x00000000       0x3d build/default/debug/_ext/820865379/drv_encx24j600_api.o
 .comment       0x00000000       0x3d build/default/debug/_ext/820865379/drv_encx24j600_main_state.o
 .comment       0x00000000       0x3d build/default/debug/_ext/820865379/drv_encx24j600_utils.o
 .comment       0x00000000       0x3d build/default/debug/_ext/977502197/drv_spi_tasks.o
 .comment       0x00000000       0x3d build/default/debug/_ext/977502197/drv_spi_api.o
 .comment       0x00000000       0x3d build/default/debug/_ext/977502197/drv_spi_master_ebm_tasks.o
 .comment       0x00000000       0x3d build/default/debug/_ext/915312864/drv_spi.o
 .comment       0x00000000       0x3d build/default/debug/_ext/2077795248/drv_spi_sys_queue_fifo.o
 .comment       0x00000000       0x3d build/default/debug/_ext/1298913485/drv_tmr.o
 .comment       0x00000000       0x3d build/default/debug/_ext/327000265/drv_usart_mapping.o
 .comment       0x00000000       0x3d build/default/debug/_ext/327000265/drv_usart_static.o
 .comment       0x00000000       0x3d build/default/debug/_ext/327000265/drv_usart_static_buffer_queue.o
 .comment       0x00000000       0x3d build/default/debug/_ext/327000265/drv_usart_static_read_write.o
 .comment       0x00000000       0x3d build/default/debug/_ext/639803181/sys_clk_pic32mx.o
 .comment       0x00000000       0x3d build/default/debug/_ext/2001008086/sys_command.o
 .comment       0x00000000       0x3d build/default/debug/_ext/1544295906/sys_console.o
 .comment       0x00000000       0x3d build/default/debug/_ext/1544295906/sys_console_uart.o
 .comment       0x00000000       0x3d build/default/debug/_ext/340578644/sys_devcon.o
 .comment       0x00000000       0x3d build/default/debug/_ext/340578644/sys_devcon_pic32mx.o
 .comment       0x00000000       0x3d build/default/debug/_ext/1735427962/sys_int_pic32.o
 .comment       0x00000000       0x3d build/default/debug/_ext/822048611/sys_ports_static.o
 .comment       0x00000000       0x3d build/default/debug/_ext/327917790/sys_random.o
 .comment       0x00000000       0x3d build/default/debug/_ext/68765530/sys_reset.o
 .comment       0x00000000       0x3d build/default/debug/_ext/1417409628/sys_tmr.o
 .comment       0x00000000       0x3d build/default/debug/_ext/1881663949/helpers.o
 .comment       0x00000000       0x3d build/default/debug/_ext/26143033/ipv4.o
 .comment       0x00000000       0x3d build/default/debug/_ext/26143033/udp.o
 .comment       0x00000000       0x3d build/default/debug/_ext/26143033/tcpip_heap_alloc.o
 .comment       0x00000000       0x3d build/default/debug/_ext/26143033/tcpip_heap_internal.o
 .comment       0x00000000       0x3d build/default/debug/_ext/26143033/arp.o
 .comment       0x00000000       0x3d build/default/debug/_ext/26143033/dns.o
 .comment       0x00000000       0x3d build/default/debug/_ext/26143033/hash_fnv.o
 .comment       0x00000000       0x3d build/default/debug/_ext/26143033/oahash.o
 .comment       0x00000000       0x3d build/default/debug/_ext/26143033/tcpip_helpers.o
 .comment       0x00000000       0x3d build/default/debug/_ext/26143033/tcpip_manager.o
 .comment       0x00000000       0x3d build/default/debug/_ext/26143033/tcpip_notify.o
 .comment       0x00000000       0x3d build/default/debug/_ext/26143033/tcpip_packet.o
 .comment       0x00000000       0x3d build/default/debug/_ext/1688732426/system_init.o
 .comment       0x00000000       0x3d build/default/debug/_ext/1688732426/system_interrupt.o
 .comment       0x00000000       0x3d build/default/debug/_ext/1688732426/system_tasks.o
 .comment       0x00000000       0x3d build/default/debug/_ext/1360937237/app_commands.o
 .comment       0x00000000       0x3d build/default/debug/_ext/1360937237/UDP_app.o
 .comment       0x00000000       0x3d build/default/debug/_ext/1360937237/main.o
 .comment       0x00000000       0x3d c:/program files/microchip/xc32/v2.50/bin/bin/../../lib/gcc/pic32mx/4.8.3\libgcc.a(_udivdi3.o)
 .comment       0x00000000       0x3d c:/program files/microchip/xc32/v2.50/bin/bin/../../lib/gcc/pic32mx/4.8.3\libgcc.a(floatunsisf.o)
 .comment       0x0000003c       0x18 c:/program files/microchip/xc32/v2.50/bin/bin/../../lib/gcc/pic32mx/4.8.3/../../../../pic32mx/lib\libpic32.a(memset.o)
                                 0x19 (size before relaxing)
 .comment       0x00000054       0x19 c:/program files/microchip/xc32/v2.50/bin/bin/../../lib/gcc/pic32mx/4.8.3/../../../../pic32mx/lib\libpic32.a(strcmp.o)
                                 0x1a (size before relaxing)
 .comment       0x0000006d       0x19 c:/program files/microchip/xc32/v2.50/bin/bin/../../lib/gcc/pic32mx/4.8.3/../../../../pic32mx/lib\libpic32.a(strcpy.o)
                                 0x1a (size before relaxing)
 .comment       0x00000086       0x19 c:/program files/microchip/xc32/v2.50/bin/bin/../../lib/gcc/pic32mx/4.8.3/../../../../pic32mx/lib\libpic32.a(strlen.o)
                                 0x1a (size before relaxing)
 .comment       0x00000000       0x3d c:/program files/microchip/xc32/v2.50/bin/bin/../../lib/gcc/pic32mx/4.8.3/../../../../pic32mx/lib\libpic32.a(default-bootstrap-exception-handler.o)
 .comment       0x00000000       0x3d c:/program files/microchip/xc32/v2.50/bin/bin/../../lib/gcc/pic32mx/4.8.3/../../../../pic32mx/lib\libpic32.a(default-on-reset.o)
 .comment       0x00000000       0x3d c:/program files/microchip/xc32/v2.50/bin/bin/../../lib/gcc/pic32mx/4.8.3/../../../../pic32mx/lib\libpic32.a(default-on-bootstrap.o)
 .comment       0x00000000       0x3d c:/program files/microchip/xc32/v2.50/bin/bin/../../lib/gcc/pic32mx/4.8.3/../../../../pic32mx/lib\libpic32.a(default-general-exception-handler.o)
 .comment       0x00000000       0x3d c:/program files/microchip/xc32/v2.50/bin/bin/../../lib/gcc/pic32mx/4.8.3/../../../../pic32mx/lib\libpic32.a(defaultinterrupt.o)
 .comment       0x0000009f       0x50 c:/program files/microchip/xc32/v2.50/bin/bin/../../lib/gcc/pic32mx/4.8.3/../../../../pic32mx/lib\liblega-c.a(strncpy.o)
                                 0x8d (size before relaxing)
 .comment       0x000000ef       0x4e c:/program files/microchip/xc32/v2.50/bin/bin/../../lib/gcc/pic32mx/4.8.3/../../../../pic32mx/lib\liblega-c.a(ctype.o)
                                 0x8b (size before relaxing)
 .comment       0x0000013d       0x4f c:/program files/microchip/xc32/v2.50/bin/bin/../../lib/gcc/pic32mx/4.8.3/../../../../pic32mx/lib\liblega-c.a(ctypef.o)
                                 0x8c (size before relaxing)
 .comment       0x00000000       0x3d c:/program files/microchip/xc32/v2.50/bin/bin/../../lib/gcc/pic32mx/4.8.3/../../../../pic32mx/lib\liblega-c.a(malloc.o)
 .comment       0x00000000       0x3d c:/program files/microchip/xc32/v2.50/bin/bin/../../lib/gcc/pic32mx/4.8.3/../../../../pic32mx/lib\liblega-c.a(malloc_calloc.o)
 .comment       0x0000018c       0x4d c:/program files/microchip/xc32/v2.50/bin/bin/../../lib/gcc/pic32mx/4.8.3/../../../../pic32mx/lib\liblega-c.a(rand.o)
                                 0x8a (size before relaxing)
 .comment       0x000001d9       0x4e c:/program files/microchip/xc32/v2.50/bin/bin/../../lib/gcc/pic32mx/4.8.3/../../../../pic32mx/lib\liblega-c.a(errno.o)
                                 0x8b (size before relaxing)
 .comment       0x00000227       0x4f c:/program files/microchip/xc32/v2.50/bin/bin/../../lib/gcc/pic32mx/4.8.3/../../../../pic32mx/lib\liblega-c.a(strtol.o)
                                 0x8c (size before relaxing)
 .comment       0x00000276       0x52 c:/program files/microchip/xc32/v2.50/bin/bin/../../lib/gcc/pic32mx/4.8.3/../../../../pic32mx/lib\liblega-c.a(sprintf_cdnopsuxX.eo)
                                 0x8f (size before relaxing)
 .comment       0x000002c8       0x53 c:/program files/microchip/xc32/v2.50/bin/bin/../../lib/gcc/pic32mx/4.8.3/../../../../pic32mx/lib\liblega-c.a(snprintf_cdnopsuxX.eo)
                                 0x90 (size before relaxing)
 .comment       0x0000031b       0x54 c:/program files/microchip/xc32/v2.50/bin/bin/../../lib/gcc/pic32mx/4.8.3/../../../../pic32mx/lib\liblega-c.a(vsnprintf.o)
                                 0x91 (size before relaxing)
 .comment       0x0000036f       0x4e c:/program files/microchip/xc32/v2.50/bin/bin/../../lib/gcc/pic32mx/4.8.3/../../../../pic32mx/lib\liblega-c.a(stubs.o)
                                 0x8b (size before relaxing)
 .comment       0x000003bd       0x52 c:/program files/microchip/xc32/v2.50/bin/bin/../../lib/gcc/pic32mx/4.8.3/../../../../pic32mx/lib\liblega-c.a(_doprnt_cdnopsuxX.eo)
                                 0x8f (size before relaxing)
 .comment       0x00000000       0x8f c:/program files/microchip/xc32/v2.50/bin/bin/../../lib/gcc/pic32mx/4.8.3/../../../../pic32mx/lib\liblega-c.a(_doprnt.o)
 .comment       0x0000040f       0x53 c:/program files/microchip/xc32/v2.50/bin/bin/../../lib/gcc/pic32mx/4.8.3/../../../../pic32mx/lib\liblega-c.a(_iobdata.o)
                                 0x90 (size before relaxing)
 .comment       0x00000462       0x54 c:/program files/microchip/xc32/v2.50/bin/bin/../../lib/gcc/pic32mx/4.8.3/../../../../pic32mx/lib\liblega-c.a(_iobfuncs.o)
                                 0x91 (size before relaxing)
 .comment       0x000004b6       0x55 c:/program files/microchip/xc32/v2.50/bin/bin/../../lib/gcc/pic32mx/4.8.3/../../../../pic32mx/lib\liblega-c.a(_iobstring.o)
                                 0x92 (size before relaxing)
 .comment       0x0000050b       0x50 c:/program files/microchip/xc32/v2.50/bin/bin/../../lib/gcc/pic32mx/4.8.3/../../../../pic32mx/lib\liblega-c.a(fputc.o)
                                 0x8d (size before relaxing)
 .comment       0x00000000       0x3d c:/program files/microchip/xc32/v2.50/bin/bin/../../lib/gcc/pic32mx/4.8.3\libgcc.a(_umoddi3.o)
 .comment       0x0000055b       0x4b c:/program files/microchip/xc32/v2.50/bin/bin/../../lib/gcc/pic32mx/4.8.3/../../../../pic32mx/lib\libpic32.a(sbrk.o)
                                 0x88 (size before relaxing)
 .comment       0x00000000       0x3d c:/program files/microchip/xc32/v2.50/bin/bin/../../lib/gcc/pic32mx/4.8.3/../../../../pic32mx/lib\libpic32.a(_mon_getc.o)
 .comment       0x00000000       0x3d c:/program files/microchip/xc32/v2.50/bin/bin/../../lib/gcc/pic32mx/4.8.3/../../../../pic32mx/lib\libpic32.a(_mon_write.o)
 .comment       0x00000000       0x3d c:/program files/microchip/xc32/v2.50/bin/bin/../../lib/gcc/pic32mx/4.8.3/../../../../pic32mx/lib\libpic32.a(xc32_uart.o)
 .comment       0x00000000       0x3d c:/program files/microchip/xc32/v2.50/bin/bin/../../lib/gcc/pic32mx/4.8.3/../../../../pic32mx/lib\libpic32.a(_mon_putc.o)

.debug
 *(.debug)

.line
 *(.line)

.debug_srcinfo
 *(.debug_srcinfo)

.debug_sfnames
 *(.debug_sfnames)

.debug_aranges  0x00000000     0x2078
 *(.debug_aranges)
 .debug_aranges
                0x00000000       0x20 c:/program files/microchip/xc32/v2.50/bin/bin/../../lib/gcc/pic32mx/4.8.3/../../../../pic32mx/lib\software-debug-break.o
 .debug_aranges
                0x00000020       0x40 build/default/debug/_ext/1360937237/led.o
 .debug_aranges
                0x00000060       0x58 build/default/debug/_ext/1360937237/ssd.o
 .debug_aranges
                0x000000b8       0x88 build/default/debug/_ext/1360937237/accel.o
 .debug_aranges
                0x00000140       0x38 build/default/debug/_ext/1360937237/i2c.o
 .debug_aranges
                0x00000178       0xb0 build/default/debug/_ext/1360937237/lcd.o
 .debug_aranges
                0x00000228       0x48 build/default/debug/rgbled.o
 .debug_aranges
                0x00000270       0x28 build/default/debug/_ext/1360937237/IO.o
 .debug_aranges
                0x00000298      0x118 build/default/debug/_ext/996065237/drv_encx24j600_spi_bus.o
 .debug_aranges
                0x000003b0       0x30 build/default/debug/_ext/1600828880/drv_encx24j600_closed_state.o
 .debug_aranges
                0x000003e0       0x30 build/default/debug/_ext/472602724/drv_encx24j600_initialization_state.o
 .debug_aranges
                0x00000410       0x30 build/default/debug/_ext/472602724/drv_encx24j600_configure_state.o
 .debug_aranges
                0x00000440       0x30 build/default/debug/_ext/472602724/drv_encx24j600_detect_state.o
 .debug_aranges
                0x00000470       0x30 build/default/debug/_ext/472602724/drv_encx24j600_reset_state.o
 .debug_aranges
                0x000004a0       0x30 build/default/debug/_ext/1728422854/drv_encx24j600_tx_packet.o
 .debug_aranges
                0x000004d0       0x38 build/default/debug/_ext/1728422854/drv_encx24j600_rx_packet.o
 .debug_aranges
                0x00000508       0x30 build/default/debug/_ext/999618079/drv_encx24j600_running_state.o
 .debug_aranges
                0x00000538       0x30 build/default/debug/_ext/999618079/drv_encx24j600_change_duplex_state.o
 .debug_aranges
                0x00000568       0x30 build/default/debug/_ext/999618079/drv_encx24j600_check_int_state.o
 .debug_aranges
                0x00000598       0x30 build/default/debug/_ext/999618079/drv_encx24j600_check_status_state.o
 .debug_aranges
                0x000005c8       0x30 build/default/debug/_ext/999618079/drv_encx24j600_check_tx_status_state.o
 .debug_aranges
                0x000005f8       0x20 build/default/debug/_ext/999618079/drv_encx24j600_reset_rx_state.o
 .debug_aranges
                0x00000618       0xd8 build/default/debug/_ext/820865379/drv_encx24j600_api.o
 .debug_aranges
                0x000006f0       0x20 build/default/debug/_ext/820865379/drv_encx24j600_main_state.o
 .debug_aranges
                0x00000710       0x28 build/default/debug/_ext/820865379/drv_encx24j600_utils.o
 .debug_aranges
                0x00000738       0x20 build/default/debug/_ext/977502197/drv_spi_tasks.o
 .debug_aranges
                0x00000758       0x28 build/default/debug/_ext/977502197/drv_spi_api.o
 .debug_aranges
                0x00000780       0x28 build/default/debug/_ext/977502197/drv_spi_master_ebm_tasks.o
 .debug_aranges
                0x000007a8       0x98 build/default/debug/_ext/915312864/drv_spi.o
 .debug_aranges
                0x00000840       0xd8 build/default/debug/_ext/2077795248/drv_spi_sys_queue_fifo.o
 .debug_aranges
                0x00000918      0x110 build/default/debug/_ext/1298913485/drv_tmr.o
 .debug_aranges
                0x00000a28       0xc0 build/default/debug/_ext/327000265/drv_usart_mapping.o
 .debug_aranges
                0x00000ae8       0xa0 build/default/debug/_ext/327000265/drv_usart_static.o
 .debug_aranges
                0x00000b88       0x48 build/default/debug/_ext/327000265/drv_usart_static_buffer_queue.o
 .debug_aranges
                0x00000bd0       0x28 build/default/debug/_ext/327000265/drv_usart_static_read_write.o
 .debug_aranges
                0x00000bf8       0x50 build/default/debug/_ext/639803181/sys_clk_pic32mx.o
 .debug_aranges
                0x00000c48       0xd0 build/default/debug/_ext/2001008086/sys_command.o
 .debug_aranges
                0x00000d18       0x60 build/default/debug/_ext/1544295906/sys_console.o
 .debug_aranges
                0x00000d78       0x60 build/default/debug/_ext/1544295906/sys_console_uart.o
 .debug_aranges
                0x00000dd8       0x78 build/default/debug/_ext/340578644/sys_devcon.o
 .debug_aranges
                0x00000e50       0x20 build/default/debug/_ext/340578644/sys_devcon_pic32mx.o
 .debug_aranges
                0x00000e70       0x48 build/default/debug/_ext/1735427962/sys_int_pic32.o
 .debug_aranges
                0x00000eb8      0x148 build/default/debug/_ext/822048611/sys_ports_static.o
 .debug_aranges
                0x00001000       0x38 build/default/debug/_ext/327917790/sys_random.o
 .debug_aranges
                0x00001038       0x38 build/default/debug/_ext/68765530/sys_reset.o
 .debug_aranges
                0x00001070       0xd0 build/default/debug/_ext/1417409628/sys_tmr.o
 .debug_aranges
                0x00001140       0x40 build/default/debug/_ext/1881663949/helpers.o
 .debug_aranges
                0x00001180       0xc0 build/default/debug/_ext/26143033/ipv4.o
 .debug_aranges
                0x00001240      0x1b8 build/default/debug/_ext/26143033/udp.o
 .debug_aranges
                0x000013f8       0x48 build/default/debug/_ext/26143033/tcpip_heap_alloc.o
 .debug_aranges
                0x00001440       0x68 build/default/debug/_ext/26143033/tcpip_heap_internal.o
 .debug_aranges
                0x000014a8      0x110 build/default/debug/_ext/26143033/arp.o
 .debug_aranges
                0x000015b8       0x68 build/default/debug/_ext/26143033/dns.o
 .debug_aranges
                0x00001620       0x28 build/default/debug/_ext/26143033/hash_fnv.o
 .debug_aranges
                0x00001648       0x50 build/default/debug/_ext/26143033/oahash.o
 .debug_aranges
                0x00001698      0x210 build/default/debug/_ext/26143033/tcpip_helpers.o
 .debug_aranges
                0x000018a8       0x20 build/default/debug/_ext/26143033/tcpip_helper_c32.o
 .debug_aranges
                0x000018c8      0x378 build/default/debug/_ext/26143033/tcpip_manager.o
 .debug_aranges
                0x00001c40       0x40 build/default/debug/_ext/26143033/tcpip_notify.o
 .debug_aranges
                0x00001c80       0x78 build/default/debug/_ext/26143033/tcpip_packet.o
 .debug_aranges
                0x00001cf8       0x28 build/default/debug/_ext/1688732426/system_init.o
 .debug_aranges
                0x00001d20       0x40 build/default/debug/_ext/1688732426/system_interrupt.o
 .debug_aranges
                0x00001d60       0x20 build/default/debug/_ext/1688732426/system_tasks.o
 .debug_aranges
                0x00001d80       0x38 build/default/debug/_ext/1360937237/app_commands.o
 .debug_aranges
                0x00001db8       0x40 build/default/debug/_ext/1360937237/UDP_app.o
 .debug_aranges
                0x00001df8       0xa0 build/default/debug/_ext/1360937237/main.o
 .debug_aranges
                0x00001e98       0x40 C:\Users\el_mo\AppData\Local\Temp\ccuYGWCL.o
 .debug_aranges
                0x00001ed8       0x20 c:/program files/microchip/xc32/v2.50/bin/bin/../../lib/gcc/pic32mx/4.8.3\libgcc.a(_udivdi3.o)
 .debug_aranges
                0x00001ef8       0x20 c:/program files/microchip/xc32/v2.50/bin/bin/../../lib/gcc/pic32mx/4.8.3\libgcc.a(floatunsisf.o)
 .debug_aranges
                0x00001f18       0x20 c:/program files/microchip/xc32/v2.50/bin/bin/../../lib/gcc/pic32mx/4.8.3/../../../../pic32mx/lib\libpic32.a(default-bootstrap-exception-handler.o)
 .debug_aranges
                0x00001f38       0x20 c:/program files/microchip/xc32/v2.50/bin/bin/../../lib/gcc/pic32mx/4.8.3/../../../../pic32mx/lib\libpic32.a(default-on-reset.o)
 .debug_aranges
                0x00001f58       0x20 c:/program files/microchip/xc32/v2.50/bin/bin/../../lib/gcc/pic32mx/4.8.3/../../../../pic32mx/lib\libpic32.a(default-on-bootstrap.o)
 .debug_aranges
                0x00001f78       0x20 c:/program files/microchip/xc32/v2.50/bin/bin/../../lib/gcc/pic32mx/4.8.3/../../../../pic32mx/lib\libpic32.a(default-general-exception-handler.o)
 .debug_aranges
                0x00001f98       0x20 c:/program files/microchip/xc32/v2.50/bin/bin/../../lib/gcc/pic32mx/4.8.3/../../../../pic32mx/lib\libpic32.a(defaultinterrupt.o)
 .debug_aranges
                0x00001fb8       0x20 c:/program files/microchip/xc32/v2.50/bin/bin/../../lib/gcc/pic32mx/4.8.3\libgcc.a(_umoddi3.o)
 .debug_aranges
                0x00001fd8       0x40 c:/program files/microchip/xc32/v2.50/bin/bin/../../lib/gcc/pic32mx/4.8.3/../../../../pic32mx/lib\libpic32.a(sbrk.o)
 .debug_aranges
                0x00002018       0x20 c:/program files/microchip/xc32/v2.50/bin/bin/../../lib/gcc/pic32mx/4.8.3/../../../../pic32mx/lib\libpic32.a(_mon_getc.o)
 .debug_aranges
                0x00002038       0x20 c:/program files/microchip/xc32/v2.50/bin/bin/../../lib/gcc/pic32mx/4.8.3/../../../../pic32mx/lib\libpic32.a(_mon_write.o)
 .debug_aranges
                0x00002058       0x20 c:/program files/microchip/xc32/v2.50/bin/bin/../../lib/gcc/pic32mx/4.8.3/../../../../pic32mx/lib\libpic32.a(_mon_putc.o)

.debug_pubnames
 *(.debug_pubnames)

.debug_info     0x00000000   0x102051
 *(.debug_info .gnu.linkonce.wi.*)
 .debug_info    0x00000000       0xe3 c:/program files/microchip/xc32/v2.50/bin/bin/../../lib/gcc/pic32mx/4.8.3/../../../../pic32mx/lib\software-debug-break.o
 .debug_info    0x000000e3      0x435 build/default/debug/_ext/1360937237/led.o
 .debug_info    0x00000518     0x29df build/default/debug/_ext/1360937237/ssd.o
 .debug_info    0x00002ef7     0x20d7 build/default/debug/_ext/1360937237/accel.o
 .debug_info    0x00004fce      0x6b4 build/default/debug/_ext/1360937237/i2c.o
 .debug_info    0x00005682     0x15c4 build/default/debug/_ext/1360937237/lcd.o
 .debug_info    0x00006c46     0x213b build/default/debug/rgbled.o
 .debug_info    0x00008d81      0x7f3 build/default/debug/_ext/1360937237/IO.o
 .debug_info    0x00009574     0x9dd9 build/default/debug/_ext/996065237/drv_encx24j600_spi_bus.o
 .debug_info    0x0001334d     0x6c20 build/default/debug/_ext/1600828880/drv_encx24j600_closed_state.o
 .debug_info    0x00019f6d     0x6eef build/default/debug/_ext/472602724/drv_encx24j600_initialization_state.o
 .debug_info    0x00020e5c     0x7344 build/default/debug/_ext/472602724/drv_encx24j600_configure_state.o
 .debug_info    0x000281a0     0x6d67 build/default/debug/_ext/472602724/drv_encx24j600_detect_state.o
 .debug_info    0x0002ef07     0x735c build/default/debug/_ext/472602724/drv_encx24j600_reset_state.o
 .debug_info    0x00036263     0x7187 build/default/debug/_ext/1728422854/drv_encx24j600_tx_packet.o
 .debug_info    0x0003d3ea     0x70b5 build/default/debug/_ext/1728422854/drv_encx24j600_rx_packet.o
 .debug_info    0x0004449f     0x7301 build/default/debug/_ext/999618079/drv_encx24j600_running_state.o
 .debug_info    0x0004b7a0     0x6f29 build/default/debug/_ext/999618079/drv_encx24j600_change_duplex_state.o
 .debug_info    0x000526c9     0x6fa7 build/default/debug/_ext/999618079/drv_encx24j600_check_int_state.o
 .debug_info    0x00059670     0x6fcd build/default/debug/_ext/999618079/drv_encx24j600_check_status_state.o
 .debug_info    0x0006063d     0x6fef build/default/debug/_ext/999618079/drv_encx24j600_check_tx_status_state.o
 .debug_info    0x0006762c     0x72d2 build/default/debug/_ext/999618079/drv_encx24j600_reset_rx_state.o
 .debug_info    0x0006e8fe     0x8f8f build/default/debug/_ext/820865379/drv_encx24j600_api.o
 .debug_info    0x0007788d     0x6dbf build/default/debug/_ext/820865379/drv_encx24j600_main_state.o
 .debug_info    0x0007e64c     0x6cc8 build/default/debug/_ext/820865379/drv_encx24j600_utils.o
 .debug_info    0x00085314     0x34fe build/default/debug/_ext/977502197/drv_spi_tasks.o
 .debug_info    0x00088812     0x4e23 build/default/debug/_ext/977502197/drv_spi_api.o
 .debug_info    0x0008d635     0x2c21 build/default/debug/_ext/977502197/drv_spi_master_ebm_tasks.o
 .debug_info    0x00090256     0x550b build/default/debug/_ext/915312864/drv_spi.o
 .debug_info    0x00095761     0x2044 build/default/debug/_ext/2077795248/drv_spi_sys_queue_fifo.o
 .debug_info    0x000977a5     0x5659 build/default/debug/_ext/1298913485/drv_tmr.o
 .debug_info    0x0009cdfe     0x2364 build/default/debug/_ext/327000265/drv_usart_mapping.o
 .debug_info    0x0009f162     0x454c build/default/debug/_ext/327000265/drv_usart_static.o
 .debug_info    0x000a36ae     0x2b4b build/default/debug/_ext/327000265/drv_usart_static_buffer_queue.o
 .debug_info    0x000a61f9     0x1c3d build/default/debug/_ext/327000265/drv_usart_static_read_write.o
 .debug_info    0x000a7e36     0x1cbf build/default/debug/_ext/639803181/sys_clk_pic32mx.o
 .debug_info    0x000a9af5     0x2ffc build/default/debug/_ext/2001008086/sys_command.o
 .debug_info    0x000acaf1      0xe25 build/default/debug/_ext/1544295906/sys_console.o
 .debug_info    0x000ad916     0x19fb build/default/debug/_ext/1544295906/sys_console_uart.o
 .debug_info    0x000af311     0x19d0 build/default/debug/_ext/340578644/sys_devcon.o
 .debug_info    0x000b0ce1     0x1ae5 build/default/debug/_ext/340578644/sys_devcon_pic32mx.o
 .debug_info    0x000b27c6     0x146a build/default/debug/_ext/1735427962/sys_int_pic32.o
 .debug_info    0x000b3c30     0x55ef build/default/debug/_ext/822048611/sys_ports_static.o
 .debug_info    0x000b921f      0x783 build/default/debug/_ext/327917790/sys_random.o
 .debug_info    0x000b99a2      0x946 build/default/debug/_ext/68765530/sys_reset.o
 .debug_info    0x000ba2e8     0x2cb5 build/default/debug/_ext/1417409628/sys_tmr.o
 .debug_info    0x000bcf9d      0x4a2 build/default/debug/_ext/1881663949/helpers.o
 .debug_info    0x000bd43f     0x6aab build/default/debug/_ext/26143033/ipv4.o
 .debug_info    0x000c3eea     0x9131 build/default/debug/_ext/26143033/udp.o
 .debug_info    0x000cd01b     0x15c5 build/default/debug/_ext/26143033/tcpip_heap_alloc.o
 .debug_info    0x000ce5e0     0x263c build/default/debug/_ext/26143033/tcpip_heap_internal.o
 .debug_info    0x000d0c1c     0x70cb build/default/debug/_ext/26143033/arp.o
 .debug_info    0x000d7ce7     0x14b2 build/default/debug/_ext/26143033/dns.o
 .debug_info    0x000d9199      0x293 build/default/debug/_ext/26143033/hash_fnv.o
 .debug_info    0x000d942c      0x8b5 build/default/debug/_ext/26143033/oahash.o
 .debug_info    0x000d9ce1     0x57b1 build/default/debug/_ext/26143033/tcpip_helpers.o
 .debug_info    0x000df492       0xc0 build/default/debug/_ext/26143033/tcpip_helper_c32.o
 .debug_info    0x000df552     0xb22b build/default/debug/_ext/26143033/tcpip_manager.o
 .debug_info    0x000ea77d     0x14f7 build/default/debug/_ext/26143033/tcpip_notify.o
 .debug_info    0x000ebc74     0x39ad build/default/debug/_ext/26143033/tcpip_packet.o
 .debug_info    0x000ef621     0x6e73 build/default/debug/_ext/1688732426/system_init.o
 .debug_info    0x000f6494     0x1de4 build/default/debug/_ext/1688732426/system_interrupt.o
 .debug_info    0x000f8278      0xd27 build/default/debug/_ext/1688732426/system_tasks.o
 .debug_info    0x000f8f9f     0x17c9 build/default/debug/_ext/1360937237/app_commands.o
 .debug_info    0x000fa768     0x2190 build/default/debug/_ext/1360937237/UDP_app.o
 .debug_info    0x000fc8f8     0x3e85 build/default/debug/_ext/1360937237/main.o
 .debug_info    0x0010077d       0xe3 C:\Users\el_mo\AppData\Local\Temp\ccuYGWCL.o
 .debug_info    0x00100860      0x74b c:/program files/microchip/xc32/v2.50/bin/bin/../../lib/gcc/pic32mx/4.8.3\libgcc.a(_udivdi3.o)
 .debug_info    0x00100fab      0x129 c:/program files/microchip/xc32/v2.50/bin/bin/../../lib/gcc/pic32mx/4.8.3\libgcc.a(floatunsisf.o)
 .debug_info    0x001010d4       0xf4 c:/program files/microchip/xc32/v2.50/bin/bin/../../lib/gcc/pic32mx/4.8.3/../../../../pic32mx/lib\libpic32.a(default-bootstrap-exception-handler.o)
 .debug_info    0x001011c8       0xcd c:/program files/microchip/xc32/v2.50/bin/bin/../../lib/gcc/pic32mx/4.8.3/../../../../pic32mx/lib\libpic32.a(default-on-reset.o)
 .debug_info    0x00101295       0xd5 c:/program files/microchip/xc32/v2.50/bin/bin/../../lib/gcc/pic32mx/4.8.3/../../../../pic32mx/lib\libpic32.a(default-on-bootstrap.o)
 .debug_info    0x0010136a       0xf0 c:/program files/microchip/xc32/v2.50/bin/bin/../../lib/gcc/pic32mx/4.8.3/../../../../pic32mx/lib\libpic32.a(default-general-exception-handler.o)
 .debug_info    0x0010145a       0xe7 c:/program files/microchip/xc32/v2.50/bin/bin/../../lib/gcc/pic32mx/4.8.3/../../../../pic32mx/lib\libpic32.a(defaultinterrupt.o)
 .debug_info    0x00101541      0x788 c:/program files/microchip/xc32/v2.50/bin/bin/../../lib/gcc/pic32mx/4.8.3\libgcc.a(_umoddi3.o)
 .debug_info    0x00101cc9      0x131 c:/program files/microchip/xc32/v2.50/bin/bin/../../lib/gcc/pic32mx/4.8.3/../../../../pic32mx/lib\libpic32.a(sbrk.o)
 .debug_info    0x00101dfa       0xc7 c:/program files/microchip/xc32/v2.50/bin/bin/../../lib/gcc/pic32mx/4.8.3/../../../../pic32mx/lib\libpic32.a(_mon_getc.o)
 .debug_info    0x00101ec1       0xc9 c:/program files/microchip/xc32/v2.50/bin/bin/../../lib/gcc/pic32mx/4.8.3/../../../../pic32mx/lib\libpic32.a(_mon_write.o)
 .debug_info    0x00101f8a       0xc7 c:/program files/microchip/xc32/v2.50/bin/bin/../../lib/gcc/pic32mx/4.8.3/../../../../pic32mx/lib\libpic32.a(_mon_putc.o)

.debug_abbrev   0x00000000     0xc0f2
 *(.debug_abbrev)
 .debug_abbrev  0x00000000       0x28 c:/program files/microchip/xc32/v2.50/bin/bin/../../lib/gcc/pic32mx/4.8.3/../../../../pic32mx/lib\software-debug-break.o
 .debug_abbrev  0x00000028      0x17c build/default/debug/_ext/1360937237/led.o
 .debug_abbrev  0x000001a4      0x249 build/default/debug/_ext/1360937237/ssd.o
 .debug_abbrev  0x000003ed      0x35e build/default/debug/_ext/1360937237/accel.o
 .debug_abbrev  0x0000074b      0x13d build/default/debug/_ext/1360937237/i2c.o
 .debug_abbrev  0x00000888      0x23c build/default/debug/_ext/1360937237/lcd.o
 .debug_abbrev  0x00000ac4      0x1a3 build/default/debug/rgbled.o
 .debug_abbrev  0x00000c67       0xb5 build/default/debug/_ext/1360937237/IO.o
 .debug_abbrev  0x00000d1c      0x42c build/default/debug/_ext/996065237/drv_encx24j600_spi_bus.o
 .debug_abbrev  0x00001148      0x23a build/default/debug/_ext/1600828880/drv_encx24j600_closed_state.o
 .debug_abbrev  0x00001382      0x287 build/default/debug/_ext/472602724/drv_encx24j600_initialization_state.o
 .debug_abbrev  0x00001609      0x292 build/default/debug/_ext/472602724/drv_encx24j600_configure_state.o
 .debug_abbrev  0x0000189b      0x292 build/default/debug/_ext/472602724/drv_encx24j600_detect_state.o
 .debug_abbrev  0x00001b2d      0x260 build/default/debug/_ext/472602724/drv_encx24j600_reset_state.o
 .debug_abbrev  0x00001d8d      0x30f build/default/debug/_ext/1728422854/drv_encx24j600_tx_packet.o
 .debug_abbrev  0x0000209c      0x2bf build/default/debug/_ext/1728422854/drv_encx24j600_rx_packet.o
 .debug_abbrev  0x0000235b      0x264 build/default/debug/_ext/999618079/drv_encx24j600_running_state.o
 .debug_abbrev  0x000025bf      0x24b build/default/debug/_ext/999618079/drv_encx24j600_change_duplex_state.o
 .debug_abbrev  0x0000280a      0x292 build/default/debug/_ext/999618079/drv_encx24j600_check_int_state.o
 .debug_abbrev  0x00002a9c      0x292 build/default/debug/_ext/999618079/drv_encx24j600_check_status_state.o
 .debug_abbrev  0x00002d2e      0x2a2 build/default/debug/_ext/999618079/drv_encx24j600_check_tx_status_state.o
 .debug_abbrev  0x00002fd0      0x272 build/default/debug/_ext/999618079/drv_encx24j600_reset_rx_state.o
 .debug_abbrev  0x00003242      0x4e3 build/default/debug/_ext/820865379/drv_encx24j600_api.o
 .debug_abbrev  0x00003725      0x248 build/default/debug/_ext/820865379/drv_encx24j600_main_state.o
 .debug_abbrev  0x0000396d      0x28a build/default/debug/_ext/820865379/drv_encx24j600_utils.o
 .debug_abbrev  0x00003bf7      0x305 build/default/debug/_ext/977502197/drv_spi_tasks.o
 .debug_abbrev  0x00003efc      0x338 build/default/debug/_ext/977502197/drv_spi_api.o
 .debug_abbrev  0x00004234      0x285 build/default/debug/_ext/977502197/drv_spi_master_ebm_tasks.o
 .debug_abbrev  0x000044b9      0x4d4 build/default/debug/_ext/915312864/drv_spi.o
 .debug_abbrev  0x0000498d      0x397 build/default/debug/_ext/2077795248/drv_spi_sys_queue_fifo.o
 .debug_abbrev  0x00004d24      0x4c8 build/default/debug/_ext/1298913485/drv_tmr.o
 .debug_abbrev  0x000051ec      0x289 build/default/debug/_ext/327000265/drv_usart_mapping.o
 .debug_abbrev  0x00005475      0x48f build/default/debug/_ext/327000265/drv_usart_static.o
 .debug_abbrev  0x00005904      0x38f build/default/debug/_ext/327000265/drv_usart_static_buffer_queue.o
 .debug_abbrev  0x00005c93      0x2bd build/default/debug/_ext/327000265/drv_usart_static_read_write.o
 .debug_abbrev  0x00005f50      0x26c build/default/debug/_ext/639803181/sys_clk_pic32mx.o
 .debug_abbrev  0x000061bc      0x48d build/default/debug/_ext/2001008086/sys_command.o
 .debug_abbrev  0x00006649      0x272 build/default/debug/_ext/1544295906/sys_console.o
 .debug_abbrev  0x000068bb      0x35b build/default/debug/_ext/1544295906/sys_console_uart.o
 .debug_abbrev  0x00006c16      0x2b4 build/default/debug/_ext/340578644/sys_devcon.o
 .debug_abbrev  0x00006eca      0x207 build/default/debug/_ext/340578644/sys_devcon_pic32mx.o
 .debug_abbrev  0x000070d1      0x249 build/default/debug/_ext/1735427962/sys_int_pic32.o
 .debug_abbrev  0x0000731a      0x2b7 build/default/debug/_ext/822048611/sys_ports_static.o
 .debug_abbrev  0x000075d1      0x210 build/default/debug/_ext/327917790/sys_random.o
 .debug_abbrev  0x000077e1      0x163 build/default/debug/_ext/68765530/sys_reset.o
 .debug_abbrev  0x00007944      0x536 build/default/debug/_ext/1417409628/sys_tmr.o
 .debug_abbrev  0x00007e7a      0x14a build/default/debug/_ext/1881663949/helpers.o
 .debug_abbrev  0x00007fc4      0x547 build/default/debug/_ext/26143033/ipv4.o
 .debug_abbrev  0x0000850b      0x63a build/default/debug/_ext/26143033/udp.o
 .debug_abbrev  0x00008b45      0x193 build/default/debug/_ext/26143033/tcpip_heap_alloc.o
 .debug_abbrev  0x00008cd8      0x3ce build/default/debug/_ext/26143033/tcpip_heap_internal.o
 .debug_abbrev  0x000090a6      0x527 build/default/debug/_ext/26143033/arp.o
 .debug_abbrev  0x000095cd      0x173 build/default/debug/_ext/26143033/dns.o
 .debug_abbrev  0x00009740       0xb5 build/default/debug/_ext/26143033/hash_fnv.o
 .debug_abbrev  0x000097f5      0x277 build/default/debug/_ext/26143033/oahash.o
 .debug_abbrev  0x00009a6c      0x513 build/default/debug/_ext/26143033/tcpip_helpers.o
 .debug_abbrev  0x00009f7f       0x14 build/default/debug/_ext/26143033/tcpip_helper_c32.o
 .debug_abbrev  0x00009f93      0x686 build/default/debug/_ext/26143033/tcpip_manager.o
 .debug_abbrev  0x0000a619      0x234 build/default/debug/_ext/26143033/tcpip_notify.o
 .debug_abbrev  0x0000a84d      0x3f1 build/default/debug/_ext/26143033/tcpip_packet.o
 .debug_abbrev  0x0000ac3e      0x3a2 build/default/debug/_ext/1688732426/system_init.o
 .debug_abbrev  0x0000afe0      0x1f1 build/default/debug/_ext/1688732426/system_interrupt.o
 .debug_abbrev  0x0000b1d1      0x12d build/default/debug/_ext/1688732426/system_tasks.o
 .debug_abbrev  0x0000b2fe      0x245 build/default/debug/_ext/1360937237/app_commands.o
 .debug_abbrev  0x0000b543      0x2c9 build/default/debug/_ext/1360937237/UDP_app.o
 .debug_abbrev  0x0000b80c      0x45f build/default/debug/_ext/1360937237/main.o
 .debug_abbrev  0x0000bc6b       0x12 C:\Users\el_mo\AppData\Local\Temp\ccuYGWCL.o
 .debug_abbrev  0x0000bc7d      0x138 c:/program files/microchip/xc32/v2.50/bin/bin/../../lib/gcc/pic32mx/4.8.3\libgcc.a(_udivdi3.o)
 .debug_abbrev  0x0000bdb5       0x62 c:/program files/microchip/xc32/v2.50/bin/bin/../../lib/gcc/pic32mx/4.8.3\libgcc.a(floatunsisf.o)
 .debug_abbrev  0x0000be17       0x28 c:/program files/microchip/xc32/v2.50/bin/bin/../../lib/gcc/pic32mx/4.8.3/../../../../pic32mx/lib\libpic32.a(default-bootstrap-exception-handler.o)
 .debug_abbrev  0x0000be3f       0x28 c:/program files/microchip/xc32/v2.50/bin/bin/../../lib/gcc/pic32mx/4.8.3/../../../../pic32mx/lib\libpic32.a(default-on-reset.o)
 .debug_abbrev  0x0000be67       0x28 c:/program files/microchip/xc32/v2.50/bin/bin/../../lib/gcc/pic32mx/4.8.3/../../../../pic32mx/lib\libpic32.a(default-on-bootstrap.o)